[     279ms] [INFO] %cDownload the React DevTools for a better development experience: https://react.dev/link/react-devtools font-weight:bold @ http://localhost:5710/node_modules/.vite/deps/react-dom_client.js?v=56a0c4e2:15557
[     561ms] [ERROR] Failed to load resource: the server responded with a status of 404 (Not Found) @ http://localhost:5710/favicon.ico:0
[  466293ms] [ERROR] Error handled by React Router default ErrorBoundary: ReferenceError: BookingCTA is not defined
    at WhiteSection (http://localhost:5710/src/components/dom/WhiteSection.tsx?t=1790617294421:116:42)
    at Object.react_stack_bottom_frame (http://localhost:5710/node_modules/.vite/deps/react-dom_client.js?v=56a0c4e2:13895:12)
    at renderWithHooks (http://localhost:5710/node_modules/.vite/deps/react-dom_client.js?v=56a0c4e2:4153:19)
    at updateFunctionComponent (http://localhost:5710/node_modules/.vite/deps/react-dom_client.js?v=56a0c4e2:5528:16)
    at beginWork (http://localhost:5710/node_modules/.vite/deps/react-dom_client.js?v=56a0c4e2:6144:20)
    at runWithFiberInDEV (http://localhost:5710/node_modules/.vite/deps/react-dom_client.js?v=56a0c4e2:697:66)
    at performUnitOfWork (http://localhost:5710/node_modules/.vite/deps/react-dom_client.js?v=56a0c4e2:8901:92)
    at workLoopSync (http://localhost:5710/node_modules/.vite/deps/react-dom_client.js?v=56a0c4e2:8797:37)
    at renderRootSync (http://localhost:5710/node_modules/.vite/deps/react-dom_client.js?v=56a0c4e2:8781:6)
    at performWorkOnRoot (http://localhost:5710/node_modules/.vite/deps/react-dom_client.js?v=56a0c4e2:8431:181) @ http://localhost:5710/@vite/client:298
[  466295ms] [ERROR] Error handled by React Router default ErrorBoundary: ReferenceError: BookingCTA is not defined
    at WhiteSection (http://localhost:5710/src/components/dom/WhiteSection.tsx?t=1790617294421:116:42)
    at Object.react_stack_bottom_frame (http://localhost:5710/node_modules/.vite/deps/react-dom_client.js?v=56a0c4e2:13895:12)
    at renderWithHooks (http://localhost:5710/node_modules/.vite/deps/react-dom_client.js?v=56a0c4e2:4153:19)
    at updateFunctionComponent (http://localhost:5710/node_modules/.vite/deps/react-dom_client.js?v=56a0c4e2:5528:16)
    at beginWork (http://localhost:5710/node_modules/.vite/deps/react-dom_client.js?v=56a0c4e2:6144:20)
    at runWithFiberInDEV (http://localhost:5710/node_modules/.vite/deps/react-dom_client.js?v=56a0c4e2:697:66)
    at performUnitOfWork (http://localhost:5710/node_modules/.vite/deps/react-dom_client.js?v=56a0c4e2:8901:92)
    at workLoopSync (http://localhost:5710/node_modules/.vite/deps/react-dom_client.js?v=56a0c4e2:8797:37)
    at renderRootSync (http://localhost:5710/node_modules/.vite/deps/react-dom_client.js?v=56a0c4e2:8781:6)
    at performWorkOnRoot (http://localhost:5710/node_modules/.vite/deps/react-dom_client.js?v=56a0c4e2:8431:181) @ http://localhost:5710/@vite/client:298
[  466301ms] [ERROR] Error handled by React Router default ErrorBoundary: ReferenceError: BookingCTA is not defined
    at WhiteSection (http://localhost:5710/src/components/dom/WhiteSection.tsx?t=1790617294421:116:42)
    at Object.react_stack_bottom_frame (http://localhost:5710/node_modules/.vite/deps/react-dom_client.js?v=56a0c4e2:13895:12)
    at renderWithHooks (http://localhost:5710/node_modules/.vite/deps/react-dom_client.js?v=56a0c4e2:4153:19)
    at updateFunctionComponent (http://localhost:5710/node_modules/.vite/deps/react-dom_client.js?v=56a0c4e2:5528:16)
    at beginWork (http://localhost:5710/node_modules/.vite/deps/react-dom_client.js?v=56a0c4e2:6144:20)
    at runWithFiberInDEV (http://localhost:5710/node_modules/.vite/deps/react-dom_client.js?v=56a0c4e2:697:66)
    at performUnitOfWork (http://localhost:5710/node_modules/.vite/deps/react-dom_client.js?v=56a0c4e2:8901:92)
    at workLoopSync (http://localhost:5710/node_modules/.vite/deps/react-dom_client.js?v=56a0c4e2:8797:37)
    at renderRootSync (http://localhost:5710/node_modules/.vite/deps/react-dom_client.js?v=56a0c4e2:8781:6)
    at performWorkOnRoot (http://localhost:5710/node_modules/.vite/deps/react-dom_client.js?v=56a0c4e2:8468:27) @ http://localhost:5710/@vite/client:298
[  466301ms] [ERROR] Error handled by React Router default ErrorBoundary: ReferenceError: BookingCTA is not defined
    at WhiteSection (http://localhost:5710/src/components/dom/WhiteSection.tsx?t=1790617294421:116:42)
    at Object.react_stack_bottom_frame (http://localhost:5710/node_modules/.vite/deps/react-dom_client.js?v=56a0c4e2:13895:12)
    at renderWithHooks (http://localhost:5710/node_modules/.vite/deps/react-dom_client.js?v=56a0c4e2:4153:19)
    at updateFunctionComponent (http://localhost:5710/node_modules/.vite/deps/react-dom_client.js?v=56a0c4e2:5528:16)
    at beginWork (http://localhost:5710/node_modules/.vite/deps/react-dom_client.js?v=56a0c4e2:6144:20)
    at runWithFiberInDEV (http://localhost:5710/node_modules/.vite/deps/react-dom_client.js?v=56a0c4e2:697:66)
    at performUnitOfWork (http://localhost:5710/node_modules/.vite/deps/react-dom_client.js?v=56a0c4e2:8901:92)
    at workLoopSync (http://localhost:5710/node_modules/.vite/deps/react-dom_client.js?v=56a0c4e2:8797:37)
    at renderRootSync (http://localhost:5710/node_modules/.vite/deps/react-dom_client.js?v=56a0c4e2:8781:6)
    at performWorkOnRoot (http://localhost:5710/node_modules/.vite/deps/react-dom_client.js?v=56a0c4e2:8468:27) @ http://localhost:5710/@vite/client:298
[  466328ms] [ERROR] %o

%s

%s
 ReferenceError: BookingCTA is not defined
    at WhiteSection (http://localhost:5710/src/components/dom/WhiteSection.tsx?t=1790617294421:116:42)
    at Object.react_stack_bottom_frame (http://localhost:5710/node_modules/.vite/deps/react-dom_client.js?v=56a0c4e2:13895:12)
    at renderWithHooks (http://localhost:5710/node_modules/.vite/deps/react-dom_client.js?v=56a0c4e2:4153:19)
    at updateFunctionComponent (http://localhost:5710/node_modules/.vite/deps/react-dom_client.js?v=56a0c4e2:5528:16)
    at beginWork (http://localhost:5710/node_modules/.vite/deps/react-dom_client.js?v=56a0c4e2:6144:20)
    at runWithFiberInDEV (http://localhost:5710/node_modules/.vite/deps/react-dom_client.js?v=56a0c4e2:697:66)
    at performUnitOfWork (http://localhost:5710/node_modules/.vite/deps/react-dom_client.js?v=56a0c4e2:8901:92)
    at workLoopSync (http://localhost:5710/node_modules/.vite/deps/react-dom_client.js?v=56a0c4e2:8797:37)
    at renderRootSync (http://localhost:5710/node_modules/.vite/deps/react-dom_client.js?v=56a0c4e2:8781:6)
    at performWorkOnRoot (http://localhost:5710/node_modules/.vite/deps/react-dom_client.js?v=56a0c4e2:8468:27) The above error occurred in the <WhiteSection> component. React will try to recreate this component tree from scratch using the error boundary you provided, RenderErrorBoundary. @ http://localhost:5710/@vite/client:298
[  466328ms] [ERROR] React Router caught the following error during render ReferenceError: BookingCTA is not defined
    at WhiteSection (http://localhost:5710/src/components/dom/WhiteSection.tsx?t=1790617294421:116:42)
    at Object.react_stack_bottom_frame (http://localhost:5710/node_modules/.vite/deps/react-dom_client.js?v=56a0c4e2:13895:12)
    at renderWithHooks (http://localhost:5710/node_modules/.vite/deps/react-dom_client.js?v=56a0c4e2:4153:19)
    at updateFunctionComponent (http://localhost:5710/node_modules/.vite/deps/react-dom_client.js?v=56a0c4e2:5528:16)
    at beginWork (http://localhost:5710/node_modules/.vite/deps/react-dom_client.js?v=56a0c4e2:6144:20)
    at runWithFiberInDEV (http://localhost:5710/node_modules/.vite/deps/react-dom_client.js?v=56a0c4e2:697:66)
    at performUnitOfWork (http://localhost:5710/node_modules/.vite/deps/react-dom_client.js?v=56a0c4e2:8901:92)
    at workLoopSync (http://localhost:5710/node_modules/.vite/deps/react-dom_client.js?v=56a0c4e2:8797:37)
    at renderRootSync (http://localhost:5710/node_modules/.vite/deps/react-dom_client.js?v=56a0c4e2:8781:6)
    at performWorkOnRoot (http://localhost:5710/node_modules/.vite/deps/react-dom_client.js?v=56a0c4e2:8468:27) @ http://localhost:5710/@vite/client:298
[  487106ms] [ERROR] Error handled by React Router default ErrorBoundary: ReferenceError: BookingCTA is not defined
    at WhiteSection (http://localhost:5710/src/components/dom/WhiteSection.tsx?t=1790617315259:118:42)
    at Object.react_stack_bottom_frame (http://localhost:5710/node_modules/.vite/deps/react-dom_client.js?v=56a0c4e2:13895:12)
    at renderWithHooks (http://localhost:5710/node_modules/.vite/deps/react-dom_client.js?v=56a0c4e2:4153:19)
    at updateFunctionComponent (http://localhost:5710/node_modules/.vite/deps/react-dom_client.js?v=56a0c4e2:5528:16)
    at beginWork (http://localhost:5710/node_modules/.vite/deps/react-dom_client.js?v=56a0c4e2:6144:20)
    at runWithFiberInDEV (http://localhost:5710/node_modules/.vite/deps/react-dom_client.js?v=56a0c4e2:697:66)
    at performUnitOfWork (http://localhost:5710/node_modules/.vite/deps/react-dom_client.js?v=56a0c4e2:8901:92)
    at workLoopSync (http://localhost:5710/node_modules/.vite/deps/react-dom_client.js?v=56a0c4e2:8797:37)
    at renderRootSync (http://localhost:5710/node_modules/.vite/deps/react-dom_client.js?v=56a0c4e2:8781:6)
    at performWorkOnRoot (http://localhost:5710/node_modules/.vite/deps/react-dom_client.js?v=56a0c4e2:8431:181) @ http://localhost:5710/@vite/client:298
[  487107ms] [ERROR] Error handled by React Router default ErrorBoundary: ReferenceError: BookingCTA is not defined
    at WhiteSection (http://localhost:5710/src/components/dom/WhiteSection.tsx?t=1790617315259:118:42)
    at Object.react_stack_bottom_frame (http://localhost:5710/node_modules/.vite/deps/react-dom_client.js?v=56a0c4e2:13895:12)
    at renderWithHooks (http://localhost:5710/node_modules/.vite/deps/react-dom_client.js?v=56a0c4e2:4153:19)
    at updateFunctionComponent (http://localhost:5710/node_modules/.vite/deps/react-dom_client.js?v=56a0c4e2:5528:16)
    at beginWork (http://localhost:5710/node_modules/.vite/deps/react-dom_client.js?v=56a0c4e2:6144:20)
    at runWithFiberInDEV (http://localhost:5710/node_modules/.vite/deps/react-dom_client.js?v=56a0c4e2:697:66)
    at performUnitOfWork (http://localhost:5710/node_modules/.vite/deps/react-dom_client.js?v=56a0c4e2:8901:92)
    at workLoopSync (http://localhost:5710/node_modules/.vite/deps/react-dom_client.js?v=56a0c4e2:8797:37)
    at renderRootSync (http://localhost:5710/node_modules/.vite/deps/react-dom_client.js?v=56a0c4e2:8781:6)
    at performWorkOnRoot (http://localhost:5710/node_modules/.vite/deps/react-dom_client.js?v=56a0c4e2:8431:181) @ http://localhost:5710/@vite/client:298
[  487119ms] [ERROR] Error handled by React Router default ErrorBoundary: ReferenceError: BookingCTA is not defined
    at WhiteSection (http://localhost:5710/src/components/dom/WhiteSection.tsx?t=1790617315259:118:42)
    at Object.react_stack_bottom_frame (http://localhost:5710/node_modules/.vite/deps/react-dom_client.js?v=56a0c4e2:13895:12)
    at renderWithHooks (http://localhost:5710/node_modules/.vite/deps/react-dom_client.js?v=56a0c4e2:4153:19)
    at updateFunctionComponent (http://localhost:5710/node_modules/.vite/deps/react-dom_client.js?v=56a0c4e2:5528:16)
    at beginWork (http://localhost:5710/node_modules/.vite/deps/react-dom_client.js?v=56a0c4e2:6144:20)
    at runWithFiberInDEV (http://localhost:5710/node_modules/.vite/deps/react-dom_client.js?v=56a0c4e2:697:66)
    at performUnitOfWork (http://localhost:5710/node_modules/.vite/deps/react-dom_client.js?v=56a0c4e2:8901:92)
    at workLoopSync (http://localhost:5710/node_modules/.vite/deps/react-dom_client.js?v=56a0c4e2:8797:37)
    at renderRootSync (http://localhost:5710/node_modules/.vite/deps/react-dom_client.js?v=56a0c4e2:8781:6)
    at performWorkOnRoot (http://localhost:5710/node_modules/.vite/deps/react-dom_client.js?v=56a0c4e2:8468:27) @ http://localhost:5710/@vite/client:298
[  487119ms] [ERROR] Error handled by React Router default ErrorBoundary: ReferenceError: BookingCTA is not defined
    at WhiteSection (http://localhost:5710/src/components/dom/WhiteSection.tsx?t=1790617315259:118:42)
    at Object.react_stack_bottom_frame (http://localhost:5710/node_modules/.vite/deps/react-dom_client.js?v=56a0c4e2:13895:12)
    at renderWithHooks (http://localhost:5710/node_modules/.vite/deps/react-dom_client.js?v=56a0c4e2:4153:19)
    at updateFunctionComponent (http://localhost:5710/node_modules/.vite/deps/react-dom_client.js?v=56a0c4e2:5528:16)
    at beginWork (http://localhost:5710/node_modules/.vite/deps/react-dom_client.js?v=56a0c4e2:6144:20)
    at runWithFiberInDEV (http://localhost:5710/node_modules/.vite/deps/react-dom_client.js?v=56a0c4e2:697:66)
    at performUnitOfWork (http://localhost:5710/node_modules/.vite/deps/react-dom_client.js?v=56a0c4e2:8901:92)
    at workLoopSync (http://localhost:5710/node_modules/.vite/deps/react-dom_client.js?v=56a0c4e2:8797:37)
    at renderRootSync (http://localhost:5710/node_modules/.vite/deps/react-dom_client.js?v=56a0c4e2:8781:6)
    at performWorkOnRoot (http://localhost:5710/node_modules/.vite/deps/react-dom_client.js?v=56a0c4e2:8468:27) @ http://localhost:5710/@vite/client:298
[  487120ms] [ERROR] %o

%s

%s
 ReferenceError: BookingCTA is not defined
    at WhiteSection (http://localhost:5710/src/components/dom/WhiteSection.tsx?t=1790617315259:118:42)
    at Object.react_stack_bottom_frame (http://localhost:5710/node_modules/.vite/deps/react-dom_client.js?v=56a0c4e2:13895:12)
    at renderWithHooks (http://localhost:5710/node_modules/.vite/deps/react-dom_client.js?v=56a0c4e2:4153:19)
    at updateFunctionComponent (http://localhost:5710/node_modules/.vite/deps/react-dom_client.js?v=56a0c4e2:5528:16)
    at beginWork (http://localhost:5710/node_modules/.vite/deps/react-dom_client.js?v=56a0c4e2:6144:20)
    at runWithFiberInDEV (http://localhost:5710/node_modules/.vite/deps/react-dom_client.js?v=56a0c4e2:697:66)
    at performUnitOfWork (http://localhost:5710/node_modules/.vite/deps/react-dom_client.js?v=56a0c4e2:8901:92)
    at workLoopSync (http://localhost:5710/node_modules/.vite/deps/react-dom_client.js?v=56a0c4e2:8797:37)
    at renderRootSync (http://localhost:5710/node_modules/.vite/deps/react-dom_client.js?v=56a0c4e2:8781:6)
    at performWorkOnRoot (http://localhost:5710/node_modules/.vite/deps/react-dom_client.js?v=56a0c4e2:8468:27) The above error occurred in the <WhiteSection> component. React will try to recreate this component tree from scratch using the error boundary you provided, RenderErrorBoundary. @ http://localhost:5710/@vite/client:298
[  487121ms] [ERROR] React Router caught the following error during render ReferenceError: BookingCTA is not defined
    at WhiteSection (http://localhost:5710/src/components/dom/WhiteSection.tsx?t=1790617315259:118:42)
    at Object.react_stack_bottom_frame (http://localhost:5710/node_modules/.vite/deps/react-dom_client.js?v=56a0c4e2:13895:12)
    at renderWithHooks (http://localhost:5710/node_modules/.vite/deps/react-dom_client.js?v=56a0c4e2:4153:19)
    at updateFunctionComponent (http://localhost:5710/node_modules/.vite/deps/react-dom_client.js?v=56a0c4e2:5528:16)
    at beginWork (http://localhost:5710/node_modules/.vite/deps/react-dom_client.js?v=56a0c4e2:6144:20)
    at runWithFiberInDEV (http://localhost:5710/node_modules/.vite/deps/react-dom_client.js?v=56a0c4e2:697:66)
    at performUnitOfWork (http://localhost:5710/node_modules/.vite/deps/react-dom_client.js?v=56a0c4e2:8901:92)
    at workLoopSync (http://localhost:5710/node_modules/.vite/deps/react-dom_client.js?v=56a0c4e2:8797:37)
    at renderRootSync (http://localhost:5710/node_modules/.vite/deps/react-dom_client.js?v=56a0c4e2:8781:6)
    at performWorkOnRoot (http://localhost:5710/node_modules/.vite/deps/react-dom_client.js?v=56a0c4e2:8468:27) @ http://localhost:5710/@vite/client:298
[  491490ms] [ERROR] Error handled by React Router default ErrorBoundary: ReferenceError: BookingCTA is not defined
    at WhiteSection (http://localhost:5710/src/components/dom/WhiteSection.tsx?t=1790617315259:118:42)
    at Object.react_stack_bottom_frame (http://localhost:5710/node_modules/.vite/deps/react-dom_client.js?v=56a0c4e2:13895:12)
    at renderWithHooks (http://localhost:5710/node_modules/.vite/deps/react-dom_client.js?v=56a0c4e2:4153:19)
    at updateFunctionComponent (http://localhost:5710/node_modules/.vite/deps/react-dom_client.js?v=56a0c4e2:5528:16)
    at beginWork (http://localhost:5710/node_modules/.vite/deps/react-dom_client.js?v=56a0c4e2:6144:20)
    at runWithFiberInDEV (http://localhost:5710/node_modules/.vite/deps/react-dom_client.js?v=56a0c4e2:697:66)
    at performUnitOfWork (http://localhost:5710/node_modules/.vite/deps/react-dom_client.js?v=56a0c4e2:8901:92)
    at workLoopSync (http://localhost:5710/node_modules/.vite/deps/react-dom_client.js?v=56a0c4e2:8797:37)
    at renderRootSync (http://localhost:5710/node_modules/.vite/deps/react-dom_client.js?v=56a0c4e2:8781:6)
    at performWorkOnRoot (http://localhost:5710/node_modules/.vite/deps/react-dom_client.js?v=56a0c4e2:8431:181) @ http://localhost:5710/@vite/client:298
[  491491ms] [ERROR] Error handled by React Router default ErrorBoundary: ReferenceError: BookingCTA is not defined
    at WhiteSection (http://localhost:5710/src/components/dom/WhiteSection.tsx?t=1790617315259:118:42)
    at Object.react_stack_bottom_frame (http://localhost:5710/node_modules/.vite/deps/react-dom_client.js?v=56a0c4e2:13895:12)
    at renderWithHooks (http://localhost:5710/node_modules/.vite/deps/react-dom_client.js?v=56a0c4e2:4153:19)
    at updateFunctionComponent (http://localhost:5710/node_modules/.vite/deps/react-dom_client.js?v=56a0c4e2:5528:16)
    at beginWork (http://localhost:5710/node_modules/.vite/deps/react-dom_client.js?v=56a0c4e2:6144:20)
    at runWithFiberInDEV (http://localhost:5710/node_modules/.vite/deps/react-dom_client.js?v=56a0c4e2:697:66)
    at performUnitOfWork (http://localhost:5710/node_modules/.vite/deps/react-dom_client.js?v=56a0c4e2:8901:92)
    at workLoopSync (http://localhost:5710/node_modules/.vite/deps/react-dom_client.js?v=56a0c4e2:8797:37)
    at renderRootSync (http://localhost:5710/node_modules/.vite/deps/react-dom_client.js?v=56a0c4e2:8781:6)
    at performWorkOnRoot (http://localhost:5710/node_modules/.vite/deps/react-dom_client.js?v=56a0c4e2:8431:181) @ http://localhost:5710/@vite/client:298
[  491505ms] [ERROR] Error handled by React Router default ErrorBoundary: ReferenceError: BookingCTA is not defined
    at WhiteSection (http://localhost:5710/src/components/dom/WhiteSection.tsx?t=1790617315259:118:42)
    at Object.react_stack_bottom_frame (http://localhost:5710/node_modules/.vite/deps/react-dom_client.js?v=56a0c4e2:13895:12)
    at renderWithHooks (http://localhost:5710/node_modules/.vite/deps/react-dom_client.js?v=56a0c4e2:4153:19)
    at updateFunctionComponent (http://localhost:5710/node_modules/.vite/deps/react-dom_client.js?v=56a0c4e2:5528:16)
    at beginWork (http://localhost:5710/node_modules/.vite/deps/react-dom_client.js?v=56a0c4e2:6144:20)
    at runWithFiberInDEV (http://localhost:5710/node_modules/.vite/deps/react-dom_client.js?v=56a0c4e2:697:66)
    at performUnitOfWork (http://localhost:5710/node_modules/.vite/deps/react-dom_client.js?v=56a0c4e2:8901:92)
    at workLoopSync (http://localhost:5710/node_modules/.vite/deps/react-dom_client.js?v=56a0c4e2:8797:37)
    at renderRootSync (http://localhost:5710/node_modules/.vite/deps/react-dom_client.js?v=56a0c4e2:8781:6)
    at performWorkOnRoot (http://localhost:5710/node_modules/.vite/deps/react-dom_client.js?v=56a0c4e2:8468:27) @ http://localhost:5710/@vite/client:298
[  491505ms] [ERROR] Error handled by React Router default ErrorBoundary: ReferenceError: BookingCTA is not defined
    at WhiteSection (http://localhost:5710/src/components/dom/WhiteSection.tsx?t=1790617315259:118:42)
    at Object.react_stack_bottom_frame (http://localhost:5710/node_modules/.vite/deps/react-dom_client.js?v=56a0c4e2:13895:12)
    at renderWithHooks (http://localhost:5710/node_modules/.vite/deps/react-dom_client.js?v=56a0c4e2:4153:19)
    at updateFunctionComponent (http://localhost:5710/node_modules/.vite/deps/react-dom_client.js?v=56a0c4e2:5528:16)
    at beginWork (http://localhost:5710/node_modules/.vite/deps/react-dom_client.js?v=56a0c4e2:6144:20)
    at runWithFiberInDEV (http://localhost:5710/node_modules/.vite/deps/react-dom_client.js?v=56a0c4e2:697:66)
    at performUnitOfWork (http://localhost:5710/node_modules/.vite/deps/react-dom_client.js?v=56a0c4e2:8901:92)
    at workLoopSync (http://localhost:5710/node_modules/.vite/deps/react-dom_client.js?v=56a0c4e2:8797:37)
    at renderRootSync (http://localhost:5710/node_modules/.vite/deps/react-dom_client.js?v=56a0c4e2:8781:6)
    at performWorkOnRoot (http://localhost:5710/node_modules/.vite/deps/react-dom_client.js?v=56a0c4e2:8468:27) @ http://localhost:5710/@vite/client:298
[  491506ms] [ERROR] %o

%s

%s
 ReferenceError: BookingCTA is not defined
    at WhiteSection (http://localhost:5710/src/components/dom/WhiteSection.tsx?t=1790617315259:118:42)
    at Object.react_stack_bottom_frame (http://localhost:5710/node_modules/.vite/deps/react-dom_client.js?v=56a0c4e2:13895:12)
    at renderWithHooks (http://localhost:5710/node_modules/.vite/deps/react-dom_client.js?v=56a0c4e2:4153:19)
    at updateFunctionComponent (http://localhost:5710/node_modules/.vite/deps/react-dom_client.js?v=56a0c4e2:5528:16)
    at beginWork (http://localhost:5710/node_modules/.vite/deps/react-dom_client.js?v=56a0c4e2:6144:20)
    at runWithFiberInDEV (http://localhost:5710/node_modules/.vite/deps/react-dom_client.js?v=56a0c4e2:697:66)
    at performUnitOfWork (http://localhost:5710/node_modules/.vite/deps/react-dom_client.js?v=56a0c4e2:8901:92)
    at workLoopSync (http://localhost:5710/node_modules/.vite/deps/react-dom_client.js?v=56a0c4e2:8797:37)
    at renderRootSync (http://localhost:5710/node_modules/.vite/deps/react-dom_client.js?v=56a0c4e2:8781:6)
    at performWorkOnRoot (http://localhost:5710/node_modules/.vite/deps/react-dom_client.js?v=56a0c4e2:8468:27) The above error occurred in the <WhiteSection> component. React will try to recreate this component tree from scratch using the error boundary you provided, RenderErrorBoundary. @ http://localhost:5710/@vite/client:298
[  491506ms] [ERROR] React Router caught the following error during render ReferenceError: BookingCTA is not defined
    at WhiteSection (http://localhost:5710/src/components/dom/WhiteSection.tsx?t=1790617315259:118:42)
    at Object.react_stack_bottom_frame (http://localhost:5710/node_modules/.vite/deps/react-dom_client.js?v=56a0c4e2:13895:12)
    at renderWithHooks (http://localhost:5710/node_modules/.vite/deps/react-dom_client.js?v=56a0c4e2:4153:19)
    at updateFunctionComponent (http://localhost:5710/node_modules/.vite/deps/react-dom_client.js?v=56a0c4e2:5528:16)
    at beginWork (http://localhost:5710/node_modules/.vite/deps/react-dom_client.js?v=56a0c4e2:6144:20)
    at runWithFiberInDEV (http://localhost:5710/node_modules/.vite/deps/react-dom_client.js?v=56a0c4e2:697:66)
    at performUnitOfWork (http://localhost:5710/node_modules/.vite/deps/react-dom_client.js?v=56a0c4e2:8901:92)
    at workLoopSync (http://localhost:5710/node_modules/.vite/deps/react-dom_client.js?v=56a0c4e2:8797:37)
    at renderRootSync (http://localhost:5710/node_modules/.vite/deps/react-dom_client.js?v=56a0c4e2:8781:6)
    at performWorkOnRoot (http://localhost:5710/node_modules/.vite/deps/react-dom_client.js?v=56a0c4e2:8468:27) @ http://localhost:5710/@vite/client:298
