[0m
> build · muse-spark-1.3-contributor
[0m
[0m→ [0mSkill "browser-testing-with-devtools"
[0m→ [0mSkill "web-perf"
[0m→ [0mSkill "visual-fidelity"
[0m
[0m# [0mTodos
[•] Setup: verify repo, start vite :5710, check FINAL-QA.md
[ ] Fan out: film scroll fluidity 1512x860 perf trace
[ ] Fan out: 390x844 mobile subject framing
[ ] Fan out: visual polish (words/constellations/rails/map/no pause/no captions)
[ ] Fan out: console errors + Lighthouse mobile+desktop
[ ] Re-check 4 in-flight fixes, rank P0/P1, write FINAL-QA.md, end FINALQA-DONE
[0m
[0m→ [0mRead .
[0m✗ [0mRead docs/phase4/qa/v3/FINAL-QA.md failed
[91m[1mError: [0mFile not found: /Users/admin/Desktop/BUISNESS/EyeQ Vision Care/V1/docs/phase4/qa/v3/FINAL-QA.md
[0m→ [0mRead package.json
[0m→ [0mRead vite.config.ts
[0m→ [0mRead docs/phase4/qa/v3
[0m
[0m$ [0mrtk ls "docs/phase4/qa/v3/" 2>&1; echo "---"; rtk ls docs/phase4/qa/ 2>&1 | head -n 50
F4-MAIN.md  3.8K
F4-MAP.md  1.9K
F4-MFILM.md  1.9K
F4-PERF.md  3.2K
F4-RAILS.md  2.3K
F4-SCROLL.md  1.8K
F5-PHOTOS.md  2.9K
MPAGE.md  4.4K
ORCHESTRATOR-NOTES.md  2.2K
PERF.md  4.0K
SCROLL.md  4.8K
main-desktop-full.png  342.5K
main-desktop-top.png  357.0K
main-desktop-white.png  228.4K
main-mobile-full.png  121.6K
main-mobile-top.png  197.0K
main-mobile-white.png  55.5K
mfilm-sweep-1512.webm  2.1M
mfilm-waves-ring-gap-1512.png  15.4K
mfilm-waves-w1-flight-1512.png  89.9K
mfilm-waves-w1-hold-1512.png  80.5K
mfilm-waves-w1-hold-1920.png  90.5K
mfilm-waves-w1-hold-390.png  39.2K
mfilm-waves-w2-flight-1512.png  81.4K
mfilm-waves-w2-hold-1512.png  71.3K
mfilm-waves-w2-hold-390.png  34.6K
mfilm-words-s1-1512.png  232.8K
mfilm-words-s1-390.png  103.6K
mfilm-words-s100-1512.png  223.4K
mfilm-words-s100-390.png  96.8K
mfilm-words-s145-1512.png  243.2K
mfilm-words-s185-1024.png  61.6K
mfilm-words-s185-1512.png  90.4K
mfilm-words-s185-1920.png  99.4K
mfilm-words-s185-390.png  34.1K
mfilm-words-s215-1512.png  54.9K
mfilm-words-s280-1512.png  127.4K
mfilm-words-s368-1512.png  107.3K
mfilm-words-s440-1512.png  110.3K
mfilm-words-s440-390.png  38.6K
mfilm-words-s500-1512.png  96.8K
mfilm-words-s600-1512.png  173.2K
mfilm-words-s70-1512.png  237.4K
mfilm.md  4.0K
mpage-foot-1024.png  41.4K
mpage-foot-1512.png  44.4K
mpage-foot-1920.png  53.8K
mpage-foot-390.png  42.8K
mpage-foot-768.png  48.5K
mpage-full-1024.png  632.8K
... (34 more)
[+34 hidden: rtk recall fd2691efb4e4]
---
A/
B/
C/
D/
E/
F/
beats/
polish/
v1/
v2/
v3/
[0m
[0m$ [0mlsof -i :5710 2>&1 | head -n 20; echo "---PORT CHECK DONE---"
---PORT CHECK DONE---
[0m
[0m$ [0mnohup npx vite --port 5710 --strictPort > /tmp/FINALQA-5710.log 2>&1 & echo $!; sleep 4; cat /tmp/FINALQA-5710.log | head -n 40; curl -s -o /dev/null -w "%{http_code}" http://localhost:5710/
15669
npm notice run eyeq-vision-care@0.1.0 npx
npm notice run 'vite' --port 5710 --strictPort
000
[0m
[0m$ [0msleep 5; cat /tmp/FINALQA-5710.log | tail -n 60; echo "---CURL---"; rtk curl -s -o /dev/null -w "%{http_code}\n" http://localhost:5710/; curl -s http://localhost:5710/ | head -n 30
npm notice run eyeq-vision-care@0.1.0 npx
npm notice run 'vite' --port 5710 --strictPort
---CURL---
FAILED: curl 000
[0m
[0m$ [0mps aux | grep -E "vite.*5710" | rtk grep -v grep; echo "---"; rtk ls -l /tmp/FINALQA-5710.log; sleep 3; rtk read /tmp/FINALQA-5710.log; echo "---try verbose start---"; timeout 15 npx vite --port 5710 --strictPort 2>&1 | head -n 100
admin            13495  22.9  1.5 509258384 257952   ??  SN   11:17AM   0:12.11 opencode run -m meta/muse-spark-1.3-contributor --auto --dir /Users/admin/Desktop/BUISNESS/EyeQ Vision Care/V1 --title FINALQA Final QA for the EyeQ site, READ-ONLY (edit only docs/phase4/qa/v3/FINAL-QA.md + your scratch scripts). TIME BOX 10 min, fan out with the task tool. ID=FINALQA (port 5710). Serve with 'npx vite --port 5710 --strictPort' and test '/' (the homepage is now the red-velvet film).\012Priority order: (1) film scroll FLUIDITY + speed on 1512×860 (Chrome performance trace of a full scroll: frame p50/p95, long tasks, dropped frames; frames never blank; fast flick still shows every key beat ≥250 ms), (2) 390×844 mobile (subject in frame at key frames, smooth), (3) visual polish (words only in empty sides, constellations, rails down the page + fade before footer, map loaded, NO pause buttons, NO invented captions), (4) console errors, Lighthouse perf mobile+desktop.\012Other agents are finishing small fixes right now (pause buttons, photo captions, mobile crop, frame re-encode) — note their state; re-check those 4 items once at the end of your time box. Rank remaining issues P0/P1 with exact file + fix. End with FINALQA-DONE.
---
644  /tmp/FINALQA-5710.log  89B
npm notice run eyeq-vision-care@0.1.0 npx
npm notice run 'vite' --port 5710 --strictPort
---try verbose start---
zsh:1: command not found: timeout
[0m
[0m$ [0mrtk npx vite --port 5710 --strictPort
<shell_metadata>
shell tool terminated command after exceeding timeout 30000 ms. If this command is expected to take longer and is not waiting for interactive input, retry with a larger timeout value in milliseconds.
</shell_metadata>
[0m
[0m$ [0mnode --version; npm --version; rtk ls node_modules/.bin/vite 2>&1; ps aux | grep vite | head
v24.18.0
12.0.1
node_modules/.bin/vite -> ../vite/bin/vite.js  19B
admin            13495  24.9  1.3 509259504 212064   ??  SN   11:17AM   0:14.58 opencode run -m meta/muse-spark-1.3-contributor --auto --dir /Users/admin/Desktop/BUISNESS/EyeQ Vision Care/V1 --title FINALQA Final QA for the EyeQ site, READ-ONLY (edit only docs/phase4/qa/v3/FINAL-QA.md + your scratch scripts). TIME BOX 10 min, fan out with the task tool. ID=FINALQA (port 5710). Serve with 'npx vite --port 5710 --strictPort' and test '/' (the homepage is now the red-velvet film).\012Priority order: (1) film scroll FLUIDITY + speed on 1512×860 (Chrome performance trace of a full scroll: frame p50/p95, long tasks, dropped frames; frames never blank; fast flick still shows every key beat ≥250 ms), (2) 390×844 mobile (subject in frame at key frames, smooth), (3) visual polish (words only in empty sides, constellations, rails down the page + fade before footer, map loaded, NO pause buttons, NO invented captions), (4) console errors, Lighthouse perf mobile+desktop.\012Other agents are finishing small fixes right now (pause buttons, photo captions, mobile crop, frame re-encode) — note their state; re-check those 4 items once at the end of your time box. Rank remaining issues P0/P1 with exact file + fix. End with FINALQA-DONE.
admin            29488  15.9  0.9 445791136 148976   ??  RN    8:51PM   0:57.31 node /Users/admin/Desktop/BUISNESS/EyeQ Vision Care/V1/node_modules/.bin/vite --port 5106 --strictPort
admin            17036   0.5  0.0 435308560   2144   ??  SNs  11:19AM   0:00.01 /bin/zsh -c node --version; npm --version; rtk ls node_modules/.bin/vite 2>&1; ps aux | grep vite | head
admin            78415   0.0  0.1 445766112  24896   ??  SN   10:44AM   0:04.01 node /Users/admin/Desktop/BUISNESS/EyeQ Vision Care/V1/node_modules/.bin/vite --port 5705 --strictPort --host 127.0.0.1
admin            78366   0.0  0.0 436221408   4448   ??  SN   10:44AM   0:00.48 npm exec vite --port 5705 --strictPort --host 127.0.0.1       
admin            69381   0.0  0.2 445761936  35456   ??  SN   10:37AM   0:03.95 node /Users/admin/Desktop/BUISNESS/EyeQ Vision Care/V1/node_modules/.bin/vite --port 5602 --strictPort
admin            68941   0.0  0.0 436229264   4208   ??  SN   10:36AM   0:00.81 npm exec vite --port 5602 --strictPort     
admin            44536   0.0  0.2 445731648  26128   ??  SN   10:21AM   0:31.16 node /Users/admin/Desktop/BUISNESS/EyeQ Vision Care/V1/node_modules/.bin/vite --port 5505 --strictPort
admin            44489   0.0  0.0 436213552   3680   ??  SN   10:21AM   0:00.33 npm exec vite --port 5505 --strictPort     
admin            13467   0.0  0.1 445757488  25088   ??  SN   10:11AM   0:19.61 node /Users/admin/Desktop/BUISNESS/EyeQ Vision Care/V1/node_modules/.bin/vite --port 5501 --strictPort
[0m
[0m$ [0mrtk curl -s -o /dev/null -w "%{http_code}\n" http://127.0.0.1:5106/; rtk curl -s -o /dev/null -w "%{http_code}\n" http://localhost:5106/; lsof -i :5710 2>&1; echo DONE
FAILED: curl 000
200
DONE
[0m
[0m$ [0m./node_modules/.bin/vite --port 5710 --strictPort > /tmp/FINALQA-5710.log 2>&1 & echo "PID:$!"; sleep 7; cat /tmp/FINALQA-5710.log; echo "---PS---"; ps aux | grep "5710" | grep -v grep; echo "---CURL localhost---"; curl -s -o /dev/null -w "%{http_code}\n" http://localhost:5710/ || echo CURL_FAIL
PID:17286

  VITE v8.3.1  ready in 431 ms

  ➜  Local:   http://localhost:5710/
  ➜  Network: use --host to expose
---PS---
admin            13495   1.0  0.8 509256704 128352   ??  RN   11:17AM   0:15.69 opencode run -m meta/muse-spark-1.3-contributor --auto --dir /Users/admin/Desktop/BUISNESS/EyeQ Vision Care/V1 --title FINALQA Final QA for the EyeQ site, READ-ONLY (edit only docs/phase4/qa/v3/FINAL-QA.md + your scratch scripts). TIME BOX 10 min, fan out with the task tool. ID=FINALQA (port 5710). Serve with 'npx vite --port 5710 --strictPort' and test '/' (the homepage is now the red-velvet film).\012Priority order: (1) film scroll FLUIDITY + speed on 1512×860 (Chrome performance trace of a full scroll: frame p50/p95, long tasks, dropped frames; frames never blank; fast flick still shows every key beat ≥250 ms), (2) 390×844 mobile (subject in frame at key frames, smooth), (3) visual polish (words only in empty sides, constellations, rails down the page + fade before footer, map loaded, NO pause buttons, NO invented captions), (4) console errors, Lighthouse perf mobile+desktop.\012Other agents are finishing small fixes right now (pause buttons, photo captions, mobile crop, frame re-encode) — note their state; re-check those 4 items once at the end of your time box. Rank remaining issues P0/P1 with exact file + fix. End with FINALQA-DONE.
admin            17286   0.0  0.4 445861184  59312   ??  SN   11:19AM   0:01.02 node ./node_modules/.bin/vite --port 5710 --strictPort
---CURL localhost---
200
[0m
[0m# [0mTodos
[✓] Setup: verify repo, start vite :5710, check FINAL-QA.md
[•] Fan out: film scroll fluidity 1512x860 perf trace
[•] Fan out: 390x844 mobile subject framing
[•] Fan out: visual polish (words/constellations/rails/map/no pause/no captions)
[•] Fan out: console errors + Lighthouse mobile+desktop
[ ] Re-check 4 in-flight fixes, rank P0/P1, write FINAL-QA.md, end FINALQA-DONE
[0m
[0m• [0mQA film fluidity 1512x860[90m General Agent[0m
[0m• [0mQA mobile 390x844[90m General Agent[0m
[0m• [0mQA visual polish check[90m General Agent[0m
[0m• [0mQA console + Lighthouse[90m General Agent[0m
[0m✓ [0mQA film fluidity 1512x860[90m General Agent[0m
[0m✓ [0mQA mobile 390x844[90m General Agent[0m
[0m✓ [0mQA console + Lighthouse[90m General Agent[0m
[0m✗ [0mQA visual polish check failed[90m General Agent[0m
[91m[1mError: [0mSubagent failed (task_id: ses_f1765afb2ffeq6P7gy1xGLJRz0): The backend is temporarily overloaded. Please retry.
[0m• [0mQA visual polish retry[90m General Agent[0m
EXIT 143 model=meta/muse-spark-1.3-contributor
