[0m
> build · muse-spark-1.3-contributor
[0m
[0m→ [0mRead .
[0m→ [0mRead src/v1
[0m→ [0mRead src/v1/FilmCaptions.tsx
[0m→ [0mRead src/v1/captions.css
[0m→ [0mRead src/v1/BrandWaves.tsx
[0m→ [0mRead src/v1/SidePanels.tsx
[0m→ [0mRead src/v1/waves.css
[0m→ [0mRead src/v1/side.css
[0m→ [0mRead docs/phase4/qa/v3
[0m→ [0mRead package.json
[0m→ [0mRead src/v1/sideCopy.ts
[0m→ [0mRead src/v1/FilmSequence.tsx
[0m→ [0mRead vite.config.ts
[0m→ [0mRead src/v1/v1.css
[0m✱ [0mGrep "film-band|film__stage|v1-film|v1-overlay"[90m in src · 26 matches[0m
[0m→ [0mRead src/v1/App.tsx
[0m→ [0mRead docs/phase4/qa/v3/mfilm-words-s440-1512.png
[0m→ [0mRead docs/phase4/qa/v3/mobile-440.png
[0m
[0m# [0mTodos
[•] Read owned files + understand band fallback
[ ] Fix BrandWaves.tsx + waves.css for ≤820px portrait bands
[ ] Fix SidePanels.tsx + side.css + captions.css for band placement
[ ] Verify 390×844, 360×780, 430×932 + 1512×860 via Playwright, look at screenshots
[ ] Write MOB-OVERLAY.md, save PNGs, stop server
[0m
[0m→ [0mRead playwright.config.ts
[0m→ [0mRead qa-v3-probe.mjs
[0m
[0m# [0mTodos
[✓] Read owned files + understand band fallback
[•] Fix BrandWaves.tsx + waves.css for ≤820px portrait bands
[ ] Fix SidePanels.tsx + side.css + captions.css for band placement
[ ] Verify 390×844, 360×780, 430×932 + 1512×860 via Playwright, look at screenshots
[ ] Write MOB-OVERLAY.md, save PNGs, stop server
[0m
[0m← [0mEdit src/v1/BrandWaves.tsx
Index: /Users/admin/Desktop/BUISNESS/EyeQ Vision Care/V1/src/v1/BrandWaves.tsx
===================================================================
--- /Users/admin/Desktop/BUISNESS/EyeQ Vision Care/V1/src/v1/BrandWaves.tsx
+++ /Users/admin/Desktop/BUISNESS/EyeQ Vision Care/V1/src/v1/BrandWaves.tsx
@@ -40,8 +40,67 @@
   { x: 33, y: 74, depth: "mid",  z: -120, src: "/web/insurance-light/ia-financial-group.png", alt: "iA Financial Group", wave: 2 },
   { x: 21, y: 78, depth: "far",  z: -160, src: "/web/insurance-light/empire-life.png", alt: "Empire Life", wave: 2 },
 ];
 
+/* F5-MOBILE (ID=OVERLAY): portrait phones have no empty side, so the
+ * desktop side-constellations would land ON the glasses. For ≤820px
+ * portrait the FRAME agent exposes --film-band-top / --film-band-bottom on
+ * the film root (top-band bottom edge / bottom-band top edge); fallback is
+ * top 0–22% / bottom 70–100% of the viewport. Wave 1 settles as a compact
+ * 2-row constellation in the TOP band, wave 2 in the BOTTOM band; side
+ * panels take the OTHER band (see side.css). Flight stays depth-first
+ * (translateZ rush) so logos fly in from depth, never across the subject.
+ * Transforms/opacity only; no per-frame allocations (arithmetic on cached
+ * band edges, static grid table). Desktop unchanged. */
+const MOBILE_GRID_X = [17, 39, 61, 83];
+const FALLBACK_TOP_EDGE = 0.22;
+const FALLBACK_BOT_EDGE = 0.7;
+
+function parseBandEdge(raw: string, total: number, fallback: number): number {
+  const v = (raw || '').trim();
+  if (!v) return fallback;
+  if (v.endsWith('%')) {
+    const n = parseFloat(v.slice(0, -1));
+    if (Number.isFinite(n)) return Math.min(0.95, Math.max(0.05, n / 100));
+    return fallback;
+  }
+  if (v.endsWith('px')) {
+    const n = parseFloat(v.slice(0, -2));
+    if (Number.isFinite(n) && total > 0) return Math.min(0.95, Math.max(0.05, n / total));
+    return fallback;
+  }
+  const n = parseFloat(v);
+  if (!Number.isFinite(n)) return fallback;
+  if (n > 1) return total > 0 ? Math.min(0.95, Math.max(0.05, n / total)) : fallback;
+  return Math.min(0.95, Math.max(0.05, n));
+}
+
+function useFilmBands(W: number, H: number) {
+  const [bands, setBands] = useState(() => ({ topEdge: FALLBACK_TOP_EDGE, botEdge: FALLBACK_BOT_EDGE }));
+  useEffect(() => {
+    try {
+      const root = document.querySelector('.v1-film');
+      if (!root) {
+        setBands({ topEdge: FALLBACK_TOP_EDGE, botEdge: FALLBACK_BOT_EDGE });
+        return;
+      }
+      const cs = getComputedStyle(root);
+      const rawTop = cs.getPropertyValue('--film-band-top');
+      const rawBot = cs.getPropertyValue('--film-band-bottom');
+      let topEdge = parseBandEdge(rawTop, H, FALLBACK_TOP_EDGE);
+      let botEdge = parseBandEdge(rawBot, H, FALLBACK_BOT_EDGE);
+      if (topEdge < 0.05 || topEdge > 0.4) topEdge = FALLBACK_TOP_EDGE;
+      if (botEdge < 0.6 || botEdge > 0.95) botEdge = FALLBACK_BOT_EDGE;
+      setBands((prev) =>
+        prev.topEdge === topEdge && prev.botEdge === botEdge ? prev : { topEdge, botEdge },
+      );
+    } catch {
+      setBands({ topEdge: FALLBACK_TOP_EDGE, botEdge: FALLBACK_BOT_EDGE });
+    }
+  }, [W, H]);
+  return bands;
+}
+
 const F = (s: number): number => (s - 1) / 614;
 /* Whole-beat windows: wave 1 owns 215–325, wave 2 owns 411–470. */
 const W1_START = F(215);
 const W1_END = F(325);

[0m
[0m← [0mEdit src/v1/BrandWaves.tsx
Index: /Users/admin/Desktop/BUISNESS/EyeQ Vision Care/V1/src/v1/BrandWaves.tsx
===================================================================
--- /Users/admin/Desktop/BUISNESS/EyeQ Vision Care/V1/src/v1/BrandWaves.tsx
+++ /Users/admin/Desktop/BUISNESS/EyeQ Vision Care/V1/src/v1/BrandWaves.tsx
@@ -194,16 +194,28 @@
     </div>
   );
 }
 
-function LogoItem({ slot, i, p, W, H, start, dur, z0, exitT, reduced }: {
+function LogoItem({ slot, i, p, W, H, start, dur, z0, exitT, reduced, mob, topEdge, botEdge }: {
   slot: Slot; i: number; p: number; W: number; H: number;
   start: number; dur: number; z0: number; exitT: number; reduced: boolean;
+  mob: 0 | 1 | 2; topEdge: number; botEdge: number;
 }) {
   const t = clamp01((p - start) / dur);
   if (t <= 0) return null;
-  const bx = slot.x;
-  const by = slot.y;
+  let bx = slot.x;
+  let by = slot.y;
+  if (mob !== 0) {
+    const mi = i >= 20 ? i - 20 : i;
+    const gx = MOBILE_GRID_X[mi & 3];
+    if (mob === 1) {
+      bx = gx;
+      by = topEdge * 100 * (mi < 4 ? 0.32 : 0.68);
+    } else {
+      bx = gx;
+      by = (botEdge + (1 - botEdge) * (mi < 4 ? 0.28 : 0.62)) * 100;
+    }
+  }
 
   /* Flight: pinpoint far away → hyper-fast expo rush → hard brake with a
    * tiny overshoot at t≈0.86–1 (≤2.5%), settled by t=1. */
   const eBase = reduced ? 1 : easeOutExpo(t);

[0m
[0m← [0mEdit src/v1/BrandWaves.tsx
Index: /Users/admin/Desktop/BUISNESS/EyeQ Vision Care/V1/src/v1/BrandWaves.tsx
===================================================================
--- /Users/admin/Desktop/BUISNESS/EyeQ Vision Care/V1/src/v1/BrandWaves.tsx
+++ /Users/admin/Desktop/BUISNESS/EyeQ Vision Care/V1/src/v1/BrandWaves.tsx
@@ -296,8 +296,12 @@
 export default function BrandWaves({ progress }: { progress: number }) {
   const p = progress;
   const { w: W, h: H } = useViewport();
   const reduced = useReducedMotion();
+  const bands = useFilmBands(W, H);
+  const isPortraitMobile = W <= 820 && H > W;
+  const topEdge = bands.topEdge;
+  const botEdge = bands.botEdge;
   if (p < W1_START - 0.004 || p > W2_END + 0.02) return null;
   // Ring breathe gap (burst 325 → sweep 411): no logos, no tunnel.
   if (p >= W1_END - 0.001 && p < W2_START - 0.004) return null;
   const w1ExitT = reduced

[0m
[0m← [0mEdit src/v1/BrandWaves.tsx
Index: /Users/admin/Desktop/BUISNESS/EyeQ Vision Care/V1/src/v1/BrandWaves.tsx
===================================================================
--- /Users/admin/Desktop/BUISNESS/EyeQ Vision Care/V1/src/v1/BrandWaves.tsx
+++ /Users/admin/Desktop/BUISNESS/EyeQ Vision Care/V1/src/v1/BrandWaves.tsx
@@ -312,21 +312,29 @@
   const showW2 = p >= W2_START - 0.004 && p <= W2_END + 0.02;
   if (!showW1 && !showW2) return null;
   const w1Tunnel = showW1 && !reduced ? tunnelAlpha(p, W1_START, W1_LAST_SETTLE, w1ExitT) : 0;
   const w2Tunnel = showW2 && !reduced ? tunnelAlpha(p, W2_START, W2_LAST_SETTLE, w2ExitT) : 0;
+  const w1Mob = isPortraitMobile ? 1 : 0;
+  const w2Mob = isPortraitMobile ? 2 : 0;
+  const w1Vx = isPortraitMobile ? 50 : 77;
+  const w1Vy = isPortraitMobile ? (topEdge * 50) : 52;
+  const w2Vx = isPortraitMobile ? 50 : 22;
+  const w2Vy = isPortraitMobile ? ((botEdge + 1) * 50) : 52;
   return (
     <div className="bw-root" aria-hidden>
-      {showW1 && w1Tunnel > 0.004 && <DepthTunnel vx={77} vy={52} alpha={w1Tunnel} wave={1} />}
+      {showW1 && w1Tunnel > 0.004 && <DepthTunnel vx={w1Vx} vy={w1Vy} alpha={w1Tunnel} wave={1} />}
       {showW1 &&
         BRANDS.map((s, i) => (
           <LogoItem key={s.src} slot={s} i={i} p={p} W={W} H={H}
-            start={W1_ITEM0 + i * W1_STAGGER} dur={W1_DUR} z0={-7000} exitT={w1ExitT} reduced={reduced} />
+            start={W1_ITEM0 + i * W1_STAGGER} dur={W1_DUR} z0={-7000} exitT={w1ExitT} reduced={reduced}
+            mob={w1Mob} topEdge={topEdge} botEdge={botEdge} />
         ))}
-      {showW2 && w2Tunnel > 0.004 && <DepthTunnel vx={22} vy={52} alpha={w2Tunnel} wave={2} />}
+      {showW2 && w2Tunnel > 0.004 && <DepthTunnel vx={w2Vx} vy={w2Vy} alpha={w2Tunnel} wave={2} />}
       {showW2 &&
         INSURERS.map((s, i) => (
           <LogoItem key={s.src} slot={s} i={i + 20} p={p} W={W} H={H}
-            start={W2_ITEM0 + i * W2_STAGGER} dur={W2_DUR} z0={-5000} exitT={w2ExitT} reduced={reduced} />
+            start={W2_ITEM0 + i * W2_STAGGER} dur={W2_DUR} z0={-5000} exitT={w2ExitT} reduced={reduced}
+            mob={w2Mob} topEdge={topEdge} botEdge={botEdge} />
         ))}
     </div>
   );
 }

[0m
[0m← [0mEdit src/v1/waves.css
Index: /Users/admin/Desktop/BUISNESS/EyeQ Vision Care/V1/src/v1/waves.css
===================================================================
--- /Users/admin/Desktop/BUISNESS/EyeQ Vision Care/V1/src/v1/waves.css
+++ /Users/admin/Desktop/BUISNESS/EyeQ Vision Care/V1/src/v1/waves.css
@@ -97,13 +97,18 @@
 @keyframes bw-breathe {
   from { transform: translate3d(0, -2px, 0); }
   to { transform: translate3d(0, 2.5px, 0); }
 }
-@media (max-width: 700px) {
+/* F5-MOBILE (ID=OVERLAY): ≤820px portrait has no empty side — logos
+ * settle as a compact 2-row constellation inside the black letterbox bands
+ * (top 0–22% for brands, bottom 70–100% for insurers; FRAME may tighten via
+ * --film-band-top / --film-band-bottom). Near ≈96px wide, never over the
+ * subject. Desktop unchanged. */
+@media (max-width: 820px) and (orientation: portrait) {
   .bw-root { perspective-origin: 50% 42%; }
-  .bw-near { width: min(88px, 23vw); }
-  .bw-mid  { width: min(64px, 17vw); }
-  .bw-far  { width: min(46px, 12vw); }
+  .bw-near { width: min(96px, 24vw); }
+  .bw-mid  { width: min(68px, 17.5vw); }
+  .bw-far  { width: min(50px, 13vw); }
   .bw-tunnel-core { width: 80px; height: 80px; }
 }
 @media (prefers-reduced-motion: reduce) {
   .bw-streak, .bw-tunnel { display: none; }

[0m
[0m# [0mTodos
[✓] Read owned files + understand band fallback
[✓] Fix BrandWaves.tsx + waves.css for ≤820px portrait bands
[•] Fix SidePanels.tsx + side.css + captions.css for band placement
[ ] Verify 390×844, 360×780, 430×932 + 1512×860 via Playwright, look at screenshots
[ ] Write MOB-OVERLAY.md, save PNGs, stop server
[0m
[0m← [0mEdit src/v1/SidePanels.tsx
Index: /Users/admin/Desktop/BUISNESS/EyeQ Vision Care/V1/src/v1/SidePanels.tsx
===================================================================
--- /Users/admin/Desktop/BUISNESS/EyeQ Vision Care/V1/src/v1/SidePanels.tsx
+++ /Users/admin/Desktop/BUISNESS/EyeQ Vision Care/V1/src/v1/SidePanels.tsx
@@ -229,9 +229,9 @@
 const drift = instant ? 0 : exit * (side === 'left' ? -10 : 10);
 
 return (
   <aside
-    className={`sd sd--${side}${dockTop ? ' sd--docktop' : ''}`}
+    className={`sd sd--${side}${dockTop ? ' sd--docktop' : ''} sd--${id}`}
     style={{
       opacity: op.toFixed(3),
       transform: `translate(${drift.toFixed(2)}px, ${dockTop ? '0' : '-50%'})`,
     }}

[0m
[0m← [0mEdit src/v1/side.css
Index: /Users/admin/Desktop/BUISNESS/EyeQ Vision Care/V1/src/v1/side.css
===================================================================
--- /Users/admin/Desktop/BUISNESS/EyeQ Vision Care/V1/src/v1/side.css
+++ /Users/admin/Desktop/BUISNESS/EyeQ Vision Care/V1/src/v1/side.css
@@ -188,38 +188,81 @@
   vertical-align: 1px;
   color: var(--eyeq-bone-dim);
 }
 
-/* Mobile (390): stack text below the subject as a compact block, smaller —
- * never over the frame centre. */
-@media (max-width: 767px) {
+/* F5-MOBILE (ID=OVERLAY): ≤820px portrait has no empty side — overlays
+ * live in the black letterbox bands ABOVE/BELOW the film image so side
+ * text never competes with the subject. FRAME exposes --film-band-top /
+ * --film-band-bottom on the film root (inherited here); fallback is top
+ * 0–22% / bottom 70–100%. Wave 1 logos own the TOP band so brands/review/
+ * lens panels stack short in the BOTTOM band; wave 2 logos own the BOTTOM
+ * band so the insurers header stacks short in the TOP band. Verbatim
+ * headers unchanged; hold timing unchanged (SidePanels.tsx p0/p1).
+ * Outer inline centering/drift is neutralised (!important) — entrance is
+ * the inner masked lines, exit is opacity; transforms/opacity only. */
+@media (max-width: 820px) and (orientation: portrait) {
   .sd,
   .sd--left,
-  .sd--right {
-    left: 24px;
-    right: 24px;
-    top: auto;
-    bottom: 11vh;
+  .sd--right,
+  .sd--docktop {
+    left: 20px;
+    right: 20px;
     width: auto;
     max-width: none;
+    transform: none !important;
+    text-shadow: 0 1px 10px rgba(0, 0, 0, 0.65);
   }
-  .sd--docktop {
-    top: auto;
-    bottom: 11vh;
+  /* Bottom-band block: reviews / lenses / brands (other band from wave 1). */
+  .sd--reviews,
+  .sd--lenses,
+  .sd--brands {
+    top: var(--film-band-bottom, 70%);
+    bottom: 0;
+    display: flex;
+    flex-direction: column;
+    justify-content: flex-end;
+    padding-bottom: 4vh;
+    box-sizing: border-box;
   }
+  /* Top-band block: insurers header (other band from wave 2). */
+  .sd--insurers {
+    top: 0;
+    bottom: auto;
+    height: var(--film-band-top, 22%);
+    display: flex;
+    flex-direction: column;
+    justify-content: flex-start;
+    padding-top: max(68px, 9vh);
+    box-sizing: border-box;
+  }
+  .sd__rule {
+    width: 36px;
+    margin-bottom: 8px;
+  }
+  .sd__eyebrow {
+    font-size: 10px;
+    letter-spacing: 0.16em;
+    margin-bottom: 6px;
+  }
   .sd__big {
-    font-size: 40px;
+    font-size: 30px;
   }
   .sd__head {
-    font-size: 22px;
+    font-size: 19px;
+    line-height: 1.12;
   }
+  .sd__sub {
+    font-size: 12px;
+    margin-top: 6px;
+  }
   .sd__names {
-    gap: 4px;
-    margin-top: 10px;
-    padding-top: 10px;
+    gap: 3px;
+    margin-top: 8px;
+    padding-top: 8px;
   }
   .sd__name {
-    font-size: 12px;
+    font-size: 11px;
+    line-height: 1.4;
   }
   .sd__catch {
     font-size: 12px;
     margin-top: 10px;

[0m
[0m← [0mEdit src/v1/captions.css
Index: /Users/admin/Desktop/BUISNESS/EyeQ Vision Care/V1/src/v1/captions.css
===================================================================
--- /Users/admin/Desktop/BUISNESS/EyeQ Vision Care/V1/src/v1/captions.css
+++ /Users/admin/Desktop/BUISNESS/EyeQ Vision Care/V1/src/v1/captions.css
@@ -49,14 +49,23 @@
   60% { transform: scaleX(1); transform-origin: right center; }
   100% { transform: scaleX(0); transform-origin: right center; }
 }
 
+/* F5-MOBILE (ID=OVERLAY): portrait hint stays in the bottom black band
+ * (above the film image, never over the subject). Desktop unchanged. */
 @media (max-width: 767px) {
   .v1cap__establish {
     left: 20px;
     bottom: 28px;
   }
 }
+@media (max-width: 820px) and (orientation: portrait) {
+  .v1cap__establish {
+    left: 20px;
+    top: auto;
+    bottom: max(20px, 3vh);
+  }
+}
 
 /* Reduced motion: kill the hint loop. */
 @media (prefers-reduced-motion: reduce) {
   .v1cap__scrollhint::after {

[0m
[0m$ [0mrtk ls docs/phase4/qa/v3/ | head -5; node --version; npx playwright --version 2>&1 | head -2
F4-MAIN.md  3.8K
F4-MAP.md  1.9K
F4-MFILM.md  1.9K
F4-PERF.md  3.2K
F4-RAILS.md  2.3K
v24.18.0
npm notice run eyeq-vision-care@0.1.0 npx
npm notice run 'playwright' --version
[0m
[0m$ [0mnpx tsc --noEmit 2>&1 | head -30
npm notice run eyeq-vision-care@0.1.0 npx
npm notice run 'tsc' --noEmit
[0m
[0m$ [0mmkdir -p docs/phase4/qa/v3 && (nohup npm run dev -- --port 5712 --strictPort > /tmp/overlay-5712.log 2>&1 &) && sleep 6 && curl -s -o /dev/null -w "%{http_code}" http://localhost:5712/ && echo " UP"
200 UP
[0m
[0m# [0mTodos
[✓] Read owned files + understand band fallback
[✓] Fix BrandWaves.tsx + waves.css for ≤820px portrait bands
[✓] Fix SidePanels.tsx + side.css + captions.css for band placement
[•] Verify 390×844, 360×780, 430×932 + 1512×860 via Playwright, look at screenshots
[ ] Write MOB-OVERLAY.md, save PNGs, stop server
[0m
[0m• [0mCapture 390x844 wave holds[90m General Agent[0m
[0m• [0mCapture 360x780 wave holds[90m General Agent[0m
[0m• [0mCapture 430x932 wave holds[90m General Agent[0m
[0m• [0mCapture 1512x860 regression[90m General Agent[0m
[0m✓ [0mCapture 1512x860 regression[90m General Agent[0m
[0m✓ [0mCapture 390x844 wave holds[90m General Agent[0m
[0m✓ [0mCapture 360x780 wave holds[90m General Agent[0m
[0m✓ [0mCapture 430x932 wave holds[90m General Agent[0m
[0m→ [0mRead src/v1/filmCurve.ts
[0m
[0m← [0mWrite /tmp/overlay-recap.mjs
Wrote file successfully.
[0m
[0m$ [0mnode /tmp/overlay-recap.mjs 2>&1 | tail -20
390x844 w1hold: target=1975 final=1953
390x844 w2hold: target=3125 final=3126
360x780 w1hold: target=1825 final=1805
360x780 w2hold: target=2888 final=2889
430x932 w1hold: target=2181 final=2156
430x932 w2hold: target=3450 final=3451
1512x860 w1hold: target=2709 final=2679
1512x860 w2hold: target=4286 final=4288
RECAP DONE
[0m
[0m→ [0mRead docs/phase4/qa/v3/mob-OVERLAY-390x844-w2hold.png
[0m→ [0mRead docs/phase4/qa/v3/mob-OVERLAY-390x844-w1hold.png
[0m→ [0mRead docs/phase4/qa/v3/mob-OVERLAY-360x780-w1hold.png
[0m→ [0mRead docs/phase4/qa/v3/mob-OVERLAY-430x932-w2hold.png
[0m→ [0mRead docs/phase4/qa/v3/mob-OVERLAY-430x932-w1hold.png
[0m→ [0mRead docs/phase4/qa/v3/mob-OVERLAY-360x780-w2hold.png
[0m→ [0mRead docs/phase4/qa/v3/mob-OVERLAY-1512x860-w2hold.png
[0m→ [0mRead docs/phase4/qa/v3/mob-OVERLAY-1512x860-w1hold.png
[0m
[0m← [0mEdit src/v1/BrandWaves.tsx
Index: /Users/admin/Desktop/BUISNESS/EyeQ Vision Care/V1/src/v1/BrandWaves.tsx
===================================================================
--- /Users/admin/Desktop/BUISNESS/EyeQ Vision Care/V1/src/v1/BrandWaves.tsx
+++ /Users/admin/Desktop/BUISNESS/EyeQ Vision Care/V1/src/v1/BrandWaves.tsx
@@ -163,14 +163,14 @@
  * (1px), low alpha, fanned rays + a few concentric drift rings implied by
  * staggered lengths. Geometry is static; intensity is velocity-tied via
  * opacity only (GPU). Hidden under reduced motion. */
 const TUNNEL_RAYS = 16;
-function DepthTunnel({ vx, vy, alpha, wave }: { vx: number; vy: number; alpha: number; wave: 1 | 2 }) {
+function DepthTunnel({ vx, vy, alpha, wave, short }: { vx: number; vy: number; alpha: number; wave: 1 | 2; short?: boolean }) {
   if (alpha <= 0.004) return null;
   const rays = [];
   for (let i = 0; i < TUNNEL_RAYS; i++) {
     const ang = (i / TUNNEL_RAYS) * Math.PI * 2 + (wave === 2 ? 0.2 : 0);
-    const len = 120 + ((i * 53) % 140);
+    const len = (120 + ((i * 53) % 140)) * (short ? 0.45 : 1);
     rays.push(
       <div
         key={i}
         className="bw-tunnel-ray"

[0m
[0m← [0mEdit src/v1/BrandWaves.tsx
Index: /Users/admin/Desktop/BUISNESS/EyeQ Vision Care/V1/src/v1/BrandWaves.tsx
===================================================================
--- /Users/admin/Desktop/BUISNESS/EyeQ Vision Care/V1/src/v1/BrandWaves.tsx
+++ /Users/admin/Desktop/BUISNESS/EyeQ Vision Care/V1/src/v1/BrandWaves.tsx
@@ -207,13 +207,17 @@
 if (mob !== 0) {
   const mi = i >= 20 ? i - 20 : i;
   const gx = MOBILE_GRID_X[mi & 3];
   if (mob === 1) {
+    // Top band rows sit BELOW the fixed header (BOOK/MENU ≈ top 8%),
+    // above the subject (band bottom ≈ 22%).
     bx = gx;
-    by = topEdge * 100 * (mi < 4 ? 0.32 : 0.68);
+    by = topEdge * 100 * (mi < 4 ? 0.55 : 0.85);
   } else {
+    // Bottom band rows sit ABOVE the SKIP FILM footer (≈ bottom 5%),
+    // below the subject (band top ≈ 70%).
     bx = gx;
-    by = (botEdge + (1 - botEdge) * (mi < 4 ? 0.28 : 0.62)) * 100;
+    by = (botEdge + (1 - botEdge) * (mi < 4 ? 0.22 : 0.5)) * 100;
   }
 }
 
 /* Flight: pinpoint far away → hyper-fast expo rush → hard brake with a

[0m
[0m← [0mEdit src/v1/BrandWaves.tsx
Index: /Users/admin/Desktop/BUISNESS/EyeQ Vision Care/V1/src/v1/BrandWaves.tsx
===================================================================
--- /Users/admin/Desktop/BUISNESS/EyeQ Vision Care/V1/src/v1/BrandWaves.tsx
+++ /Users/admin/Desktop/BUISNESS/EyeQ Vision Care/V1/src/v1/BrandWaves.tsx
@@ -319,14 +319,14 @@
 const w2Tunnel = showW2 && !reduced ? tunnelAlpha(p, W2_START, W2_LAST_SETTLE, w2ExitT) : 0;
 const w1Mob = isPortraitMobile ? 1 : 0;
 const w2Mob = isPortraitMobile ? 2 : 0;
 const w1Vx = isPortraitMobile ? 50 : 77;
-const w1Vy = isPortraitMobile ? (topEdge * 50) : 52;
+const w1Vy = isPortraitMobile ? (topEdge * 70) : 52;
 const w2Vx = isPortraitMobile ? 50 : 22;
-const w2Vy = isPortraitMobile ? ((botEdge + 1) * 50) : 52;
+const w2Vy = isPortraitMobile ? ((botEdge + (1 - botEdge) * 0.36) * 100) : 52;
 return (
   <div className="bw-root" aria-hidden>
-    {showW1 && w1Tunnel > 0.004 && <DepthTunnel vx={w1Vx} vy={w1Vy} alpha={w1Tunnel} wave={1} />}
+    {showW1 && w1Tunnel > 0.004 && <DepthTunnel vx={w1Vx} vy={w1Vy} alpha={w1Tunnel} wave={1} short={isPortraitMobile} />}
     {showW1 &&
       BRANDS.map((s, i) => (
         <LogoItem key={s.src} slot={s} i={i} p={p} W={W} H={H}
           start={W1_ITEM0 + i * W1_STAGGER} dur={W1_DUR} z0={-7000} exitT={w1ExitT} reduced={reduced}

[0m
[0m← [0mEdit src/v1/BrandWaves.tsx
Index: /Users/admin/Desktop/BUISNESS/EyeQ Vision Care/V1/src/v1/BrandWaves.tsx
===================================================================
--- /Users/admin/Desktop/BUISNESS/EyeQ Vision Care/V1/src/v1/BrandWaves.tsx
+++ /Users/admin/Desktop/BUISNESS/EyeQ Vision Care/V1/src/v1/BrandWaves.tsx
@@ -331,9 +331,9 @@
     <LogoItem key={s.src} slot={s} i={i} p={p} W={W} H={H}
       start={W1_ITEM0 + i * W1_STAGGER} dur={W1_DUR} z0={-7000} exitT={w1ExitT} reduced={reduced}
       mob={w1Mob} topEdge={topEdge} botEdge={botEdge} />
   ))}
-{showW2 && w2Tunnel > 0.004 && <DepthTunnel vx={w2Vx} vy={w2Vy} alpha={w2Tunnel} wave={2} />}
+{showW2 && w2Tunnel > 0.004 && <DepthTunnel vx={w2Vx} vy={w2Vy} alpha={w2Tunnel} wave={2} short={isPortraitMobile} />}
 {showW2 &&
   INSURERS.map((s, i) => (
     <LogoItem key={s.src} slot={s} i={i + 20} p={p} W={W} H={H}
       start={W2_ITEM0 + i * W2_STAGGER} dur={W2_DUR} z0={-5000} exitT={w2ExitT} reduced={reduced}

[0m
[0m$ [0mnpx tsc --noEmit 2>&1 | head -10; echo TSC-OK
npm notice run eyeq-vision-care@0.1.0 npx
npm notice run 'tsc' --noEmit
TSC-OK
[0m
[0m← [0mWrite /tmp/overlay-recap2.mjs
Wrote file successfully.
[0m
[0m$ [0mnode /tmp/overlay-recap2.mjs 2>&1 | tail -10
390x844 w1hold done
390x844 w2hold done
360x780 w1hold done
360x780 w2hold done
430x932 w1hold done
430x932 w2hold done
RECAP2 DONE
[0m
[0m→ [0mRead docs/phase4/qa/v3/mob-OVERLAY-390x844-w1hold.png
[0m→ [0mRead docs/phase4/qa/v3/mob-OVERLAY-390x844-w2hold.png
[0m→ [0mRead docs/phase4/qa/v3/mob-OVERLAY-360x780-w1hold.png
[0m→ [0mRead docs/phase4/qa/v3/mob-OVERLAY-430x932-w1hold.png
[0m→ [0mRead docs/phase4/qa/v3/mob-OVERLAY-430x932-w2hold.png
[0m→ [0mRead docs/phase4/qa/v3/mob-OVERLAY-360x780-w2hold.png
[0m
[0m# [0mTodos
[✓] Read owned files + understand band fallback
[✓] Fix BrandWaves.tsx + waves.css for ≤820px portrait bands
[✓] Fix SidePanels.tsx + side.css + captions.css for band placement
[✓] Verify 390×844, 360×780, 430×932 + 1512×860 via Playwright, look at screenshots
[•] Write MOB-OVERLAY.md, save PNGs, stop server
[0m
[0m← [0mWrite docs/phase4/qa/v3/MOB-OVERLAY.md
Wrote file successfully.
[0m
[0m$ [0mpkill -f "vite.*5712" 2>/dev/null; pkill -f "port 5712" 2>/dev/null; sleep 1; rtk curl -s -m 3 -o /dev/null -w "%{http_code}" http://localhost:5712/ || echo " STOPPED"; rtk ls docs/phase4/qa/v3/mob-OVERLAY-* docs/phase4/qa/v3/MOB-OVERLAY.md
FAILED: curl 000
 STOPPED
docs/phase4/qa/v3/MOB-OVERLAY.md  3.9K
docs/phase4/qa/v3/mob-OVERLAY-1512x860-w1hold.png  432.7K
docs/phase4/qa/v3/mob-OVERLAY-1512x860-w2hold.png  347.6K
docs/phase4/qa/v3/mob-OVERLAY-360x780-w1hold.png  156.3K
docs/phase4/qa/v3/mob-OVERLAY-360x780-w2hold.png  173.1K
docs/phase4/qa/v3/mob-OVERLAY-390x844-w1hold.png  170.6K
docs/phase4/qa/v3/mob-OVERLAY-390x844-w2hold.png  189.9K
docs/phase4/qa/v3/mob-OVERLAY-430x932-w1hold.png  188.3K
docs/phase4/qa/v3/mob-OVERLAY-430x932-w2hold.png  211.1K
[0m
[0m# [0mTodos
[✓] Read owned files + understand band fallback
[✓] Fix BrandWaves.tsx + waves.css for ≤820px portrait bands
[✓] Fix SidePanels.tsx + side.css + captions.css for band placement
[✓] Verify 390×844, 360×780, 430×932 + 1512×860 via Playwright, look at screenshots
[✓] Write MOB-OVERLAY.md, save PNGs, stop server
[0m
MOB-OVERLAY-DONE

Mobile overlay band fix complete. ≤820px portrait: brand/insurer waves settle as compact 2-row constellations in the top/bottom black bands (near ≈96px, depth flight kept, tunnel shortened + recentred), side panels stack short in the opposite band with verbatim headers and unchanged hold timing; `--film-band-top/bottom` honoured with 0–22%/70–100% fallback. Transforms/opacity only, `tsc` clean, brief §6d kept (nothing new).

Verified by LOOKing at all 8: 390×844, 360×780, 430×932 (w1/w2 holds all PASS, clear of glasses/header/SKIP) + 1512×860 regression PASS (desktop side constellations unchanged). PNGs `docs/phase4/qa/v3/mob-OVERLAY-*.png`, report `docs/phase4/qa/v3/MOB-OVERLAY.md`. Server on 5712 stopped.
EXIT 0 model=meta/muse-spark-1.3-contributor
