[0m
> build · muse-spark-1.3-contributor
[0m
[0m# [0mTodos
[•] Read brief + research docs + prior v1 scripts
[ ] Load required skills
[ ] Inspect source OBJ + native dims headless
[ ] Build import/scale/orient/split/fold script
[ ] Verify folded bbox + write JSON + check render
[ ] Materials, .blend, .glb export, previews, report
[0m
[0m→ [0mRead .orchestration/tmp
[0m→ [0mRead docs/00-BRIEF.md
[0m→ [0mRead docs/research/G-glasses-model.md
[0m→ [0mRead docs/research/F-3d-motion-tech.md
[0m→ [0mRead docs/research/D-asset-inventory.md
[0m→ [0mRead blender
[0m→ [0mRead docs/phase3
[0m→ [0mRead .orchestration/tmp/glasses_stage1.json
[0m→ [0mRead .orchestration/tmp/p3_glasses_s1.py
[0m✱ [0mGlob "docs/research/E*"[90m 1 match[0m
[0m→ [0mRead blender/glasses_folded_dims.INVALID-v1.json
[0m→ [0mRead docs/research/E-visual-references.md[90m [limit=80][0m
[0m→ [0mRead .orchestration/tmp/g_hinge.py
[0m→ [0mSkill "blender-hard-surface-modeling"
[0m→ [0mSkill "blender-modeling"
[0m→ [0mSkill "blender-pro-workflow"
[0m→ [0mSkill "blender-web-pipeline"
[0m→ [0mSkill "threejs-scenes"
[0m→ [0mSkill "no-ai-design-slop"
[0m→ [0mSkill "visual-fidelity"
[0m→ [0mSkill "iterate-until-verified"
[0m
[0m# [0mTodos
[✓] Read brief + research docs + prior v1 scripts
[✓] Load required skills
[•] Inspect source OBJ + native dims headless
[ ] Build import/scale/orient/split/fold script
[ ] Verify folded bbox + write JSON + check render
[ ] Materials, .blend, .glb export, previews, report
[0m
[0m← [0mWrite .orchestration/tmp/p3_glasses_inspect.py
Wrote file successfully.
[0m
[0m$ [0m/Applications/Blender.app/Contents/MacOS/Blender -b --factory-startup --python .orchestration/tmp/p3_glasses_inspect.py 2>&1 | tail -40
IMPORT DONE
OBJ 'Vert': n=164 min=(-0.7665,0.6157,0.0228) max=(0.7665,0.6887,0.0848) size=(1.5331, 0.0729, 0.062)
OBJ 'Vert.001': n=1454 min=(-0.1649,-0.7163,0.2069) max=(0.1632,-0.6543,0.3035) size=(0.3281, 0.062, 0.0965)
OBJ 'Vert.003': n=3144 min=(-0.6228,-0.7035,0.0012) max=(0.6211,-0.6444,0.4087) size=(1.2439, 0.0591, 0.4076)
OBJ '円柱': n=1508 min=(-0.6865,-0.6327,0.3025) max=(0.6865,-0.5625,0.3251) size=(1.3731, 0.0701, 0.0226)
OBJ '円柱.001': n=310 min=(-0.1322,-0.6860,0.1766) max=(0.1328,-0.6399,0.2158) size=(0.2651, 0.0461, 0.0392)
OBJ '円柱.002': n=2888 min=(-0.7622,-0.5844,0.2702) max=(0.7622,0.1049,0.3226) size=(1.5245, 0.6892, 0.0524)
OBJ '平面': n=7084 min=(-0.7789,0.0927,0.0023) max=(0.7789,0.7093,0.2921) size=(1.5578, 0.6166, 0.2898)
OBJ '球': n=1412 min=(-0.6813,-0.5793,0.3015) max=(0.6813,-0.5670,0.3255) size=(1.3626, 0.0124, 0.0239)
OBJ '球.001': n=1892 min=(-0.1277,-0.6786,0.1905) max=(0.1283,-0.6452,0.2108) size=(0.2561, 0.0334, 0.0203)
OBJ '立方体.001_立方体.006': n=511 min=(-0.1278,-0.6716,0.1425) max=(0.1284,-0.6290,0.2432) size=(0.2562, 0.0425, 0.1007)
OBJ '立方体.002_立方体.007': n=214 min=(-0.1639,-0.6847,0.2894) max=(0.1622,-0.6807,0.3037) size=(0.3261, 0.004, 0.0143)
OBJ '立方体_立方体.001': n=4374 min=(-0.6763,-0.6863,0.3209) max=(0.6763,-0.5938,0.3559) size=(1.3527, 0.0926, 0.035)
OBJ '立方体_立方体.004': n=1416 min=(-0.1568,-0.7041,0.2912) max=(0.1552,-0.6837,0.3016) size=(0.3119, 0.0204, 0.0104)
GLOBAL min=[-0.7788950204849243, -0.7163320183753967, 0.0011650521773844957] max=[0.7788950204849243, 0.7093369960784912, 0.4087200462818146] size=[1.5578, 1.4257, 0.4076]
lens max|x|=0.6228 -> front lens-edge width=1.2455
barrel max|x|=0.6865 -> hinge-to-hinge width=1.3731
lens centroid (-0.0008, -0.6806, 0.2303)
tips centroid (-0.0, 0.3498, 0.2128)
rod centroid (0.0, -0.3407, 0.3004)
hingewire centroid (0.0, -0.6518, 0.3458)
barrel centroid (0.0, -0.5921, 0.313)
(*args, **kw)
Blender 5.0.1 (hash a3db93c5b259 built 2025-12-16 01:51:40)
OBJ import of 'Glasses_Mama_WBL.obj' took 42.05 ms

Blender quit
[0m
EXIT 143 model=meta/muse-spark-1.3-contributor
