[0m
> build · muse-spark-1.3-contributor
[0m
[0m→ [0mRead docs/00-BRIEF.md
[0m→ [0mRead docs/research/B-content-inventory.md
[0m✱ [0mGlob "src/data/*.json"[90m in . · 7 matches[0m
[0m✱ [0mGlob "src/**/*.{tsx,ts,jsx,js}"[90m in . · 54 matches[0m
[0m• [0mAudit JSON data strings[90m General Agent[0m
[0m• [0mAudit components strings[90m General Agent[0m
[0m• [0mAudit routes strings[90m General Agent[0m
[0m✓ [0mAudit JSON data strings[90m General Agent[0m
[0m✓ [0mAudit components strings[90m General Agent[0m
[0m✓ [0mAudit routes strings[90m General Agent[0m
[0m
[0m$ [0mrtk rg -n -i "burlington|guelph|333-3931|333-3932|info@eyeq2020|2434804|eyeq-optical\.myshopify|myshopify|Browse frames|/frames|/search|Catalog|cart|account|checkout|social|instagram|facebook|tiktok|youtube|promo|sale|REBAJAS|discount|% off|stats|TODO|FIXME|COPY-DRAFTS|\[INSERT|\[INCLUDE|\[ADD|Lorem|Tralala" src/ 2>/dev/null | head -n 120
(no output)
[0m
[0m✱ [0mGrep "Burlington|Guelph|333-3931|info@eyeq2020|frames|Catalog|/search"[90m in src · 29 matches[0m
[0m✱ [0mGrep "info@eyeq2020|777 Guelph|C1A|333-393|SHOW_DRAFT|draft|Catalog|social|instagram|facebook|cart|checkout|Contact form|<form|sale items|Powered by Shopify|News|PLAY VIDEO|Book an exam|MENU|Skip film|Replay film|Back to top|Load map|Activate map|Get directions|Visit our store|VISIT OUR STORE|Terms and Policies|HOURS|PHONE|EMAIL|ADDRESS"[90m in src · 98 matches[0m
[0m→ [0mRead src/routes/Home.tsx
[0m→ [0mRead src/app/router.tsx
[0m✱ [0mGlob "routes/Catalog*"[90m in src · 0 matches[0m
[0m→ [0mRead docs/phase4/audit
[0m→ [0mRead src/routes
[0m→ [0mRead src/routes/Contact.tsx
[0m→ [0mRead src/components/dom/ChapterOverlay.tsx[90m [limit=60][0m
[0m
[0m← [0mWrite docs/phase4/audit/COPY.md
Wrote file successfully.
[0m
COPY audit complete.

- Fanned out 3 parallel readers (data / dom components / routes) + own greps for old-store + forbidden terms.
- Wrote `docs/phase4/audit/COPY.md` (only file touched; no src/ edits).
- Headline findings: all data-layer copy VERBATIM/NEW-STORE/DRAFT-hidden (gating verified, default flag false); **P0-A1–A7 ship-blockers: phantom `Catalog` import + `/frames`, `/frames/:handle`, `/search`, `/qa/tokens` routes in `src/app/router.tsx:6,19,20,22,23` + `Browse frames` link + Home scaffold block (`Home.tsx:10-21`)** — catalog/search banned by §6d and `Catalog.tsx` doesn't exist (broken import). Old-store leakage: PASS outside verbatim policy bodies (flagged for client launch decision, not deletion).

HELPER-DONE
EXIT 0 model=meta/muse-spark-1.3-contributor
