[0m
> build · muse-spark-1.3-contributor
[0m
[0m→ [0mRead docs/00-BRIEF.md
[0m→ [0mRead docs/phase4/qa
[0m✱ [0mGlob "docs/phase4/**/PLAN-MASTER*.md"[90m 1 match[0m
[0m✱ [0mGlob "docs/phase4/audit/*"[90m 0 matches[0m
[0m✱ [0mGrep "13\.|anti-slop|gate"[90m in docs/phase4 · 62 matches[0m
[0m
[0m$ [0mrtk ls -lt "docs/phase4/qa/C" | head -n 40; echo "---D---"; rtk ls -lt "docs/phase4/qa/D" | head -n 40; echo "---E---"; rtk ls -lt "docs/phase4/qa/E" | head -n 40; echo "---F---"; rtk ls -lt "docs/phase4/qa/F" | head -n 40; echo "---BEATS---"; rtk ls -lt "docs/phase4/qa/beats" | head -n 60
644  round2-34-q0.3.png  50.3K
644  round2-34-q0.2.png  40.0K
644  round2-34-q0.png  25.2K
644  round2-verify.json  1.2K
644  round2-side-q1.png  35.5K
644  round2-side-q0.8.png  35.4K
644  round2-side-q0.6.png  35.9K
644  round2-side-q0.5.png  40.6K
644  round2-side-q0.4.png  34.1K
644  round2-side-q0.3.png  30.1K
644  round2-side-q0.2.png  27.4K
644  round2-side-q0.png  21.9K
644  round2-34-q1.png  55.3K
644  round2-34-q0.8.png  55.4K
644  round2-34-q0.6.png  55.9K
644  round2-34-q0.5.png  60.9K
644  round2-34-q0.4.png  61.2K
644  C-glasses-q1.0.png  23.9K
644  C-glasses-q0.8.png  24.1K
644  C-glasses-q0.6.png  24.6K
644  C-hinge-q0.53.png  56.8K
644  C-end-q1.0.png  80.9K
644  C-side-q1.0.png  48.5K
644  C-side-q0.7.png  46.4K
644  C-side-q0.6.png  46.4K
644  C-side-q0.5.png  45.3K
644  C-glasses-q0.5.png  17.1K
644  C-glasses-q0.4.png  18.0K
644  C-glasses-q0.3.png  5.7K
644  C-glasses-q0.2.png  5.7K
644  C-glasses-q0.1.png  5.7K
644  C-glasses-q0.png  5.7K
644  C-both-q0.5.png  76.1K
644  C-both-q0.4.png  72.6K
644  C-both-q0.3.png  60.7K
644  C-both-q0.2.png  51.5K
644  C-both-q0.1.png  39.9K
644  C-both-q0.png  37.5K
---D---
644  r2-both-390.png  33.4K
644  r2-both-1440.png  147.7K
644  r2-w2-settled-390.png  41.5K
644  r2-w2-settled-1440.png  182.1K
644  r2-w2-flight-1440.png  36.6K
644  r2-w1-settled-390.png  23.4K
644  r2-w1-settled-1440.png  121.4K
644  r2-w1-seq-settled-1440.png  87.7K
644  r2-w1-seq-decel-1440.png  56.3K
644  r2-w1-seq-rush-1440.png  42.9K
644  r2-w1-seq-tiny-1440.png  39.1K
644  r2-03-sweep-1440.png  33.1K
644  r2-01-stage-1440.png  31.7K
644  capture-D.mjs  3.0K
644  08-wave2-settled-390.png  29.2K
644  07-wave1-settled-390.png  18.9K
644  07-wave1-midflight-390.png  12.1K
644  08-wave2-settled-1440.png  107.5K
644  07-wave1-settled-1440.png  89.1K
644  07-wave1-midflight-1440.png  56.8K
644  07-wave1-early-1440.png  41.2K
644  06-info-standin-1440.png  23.3K
644  03-sweep-b-1440.png  23.1K
644  03-sweep-a-1440.png  23.8K
644  01-stage-standin-1440.png  22.8K
644  verify-glbs.mjs  2.7K
644  verify-glbs-output.txt  2.6K
644  ASSETS-REPORT.md  10.1K
644  fringe-contact-sheet.png  38.6K
644  insurers-mbc-edge@400-on-void.png  9.6K
644  insurers-mbc-edge@400.png  11.3K
644  insurers-ia-edge@400-on-void.png  14.1K
644  insurers-ia-edge@400.png  17.1K
644  brands-tiffany-edge@400-on-void.png  8.1K
644  brands-tiffany-edge@400.png  9.8K
644  brands-persol-edge@400-on-void.png  4.4K
644  brands-persol-edge@400.png  3.9K
---E---
644  ROUND2.md  5.9K
644  r2-footer-390.png  46.5K
644  r2-rest-visit-1440.png  51.8K
644  r2-rest-reviews-1440.png  172.0K
644  r2-rest-services-1440.png  96.0K
644  r2-rest-about-1440.png  115.0K
644  r2-rails-mobile-390.png  39.8K
644  r2-white-top-390.png  56.4K
644  r2-chapter-b5-1440.png  24.7K
644  r2-railspair-t6-1440.png  196.1K
644  r2-railspair-t0-1440.png  184.1K
644  r2-footer-1440.png  47.4K
644  r2-skip-in-film-1440.png  26.8K
644  r2-rm-static-1440.png  134.5K
644  r2-header-dark-390.png  23.1K
644  r2-rest-lenses-1440.png  87.5K
644  r2-canada-life-1440.png  12.6K
644  r2-rails-t6-1440.png  228.7K
644  r2-rails-t0-1440.png  221.9K
644  r2-white-edges-1440.png  259.9K
644  r2-header-paper-1440.png  53.2K
644  r2-white-top-1440.png  257.8K
644  r2-menu-1440.png  47.0K
644  r2-header-dark-1440.png  26.8K
644  header-dark-390.png  23.3K
644  rest-visit-390.png  36.9K
644  rails-paused-1440.png  53.2K
644  white-act-1440.png  94.9K
644  rm-stacked-chapters-1440.png  32.3K
644  rm-white-1440.png  136.5K
644  rm-grid-390.png  42.6K
644  rm-static-390.png  57.0K
644  rails-mobile-390.png  43.7K
644  white-act-390.png  57.0K
644  menu-overlay-1440.png  57.8K
644  header-light-paper-1440.png  109.0K
644  footer-1440.png  47.9K
644  rest-visit-1440.png  51.3K
644  rest-reviews-1440.png  63.8K
644  rest-lenses-1440.png  63.0K
---F---
644  policies-terms-390-full.png  3.3M
644  policies-privacy-390-full.png  3.3M
644  policies-refund-390-full.png  3.3M
644  contact-390-full.png  80.6K
644  services-390-full.png  222.4K
644  policies-terms-1440-full.png  3.4M
644  policies-privacy-1440-full.png  3.4M
644  policies-refund-1440-full.png  3.4M
644  contact-1440-full.png  95.1K
644  services-1440-full.png  319.1K
---BEATS---
644  10-entry-1440.png  42.2K
644  09-approach-1440.png  35.5K
644  08-wave2-1440.png  43.0K
644  10-entry-390.png  8.4K
644  07-wave1-1440.png  40.8K
644  09-approach-390.png  11.8K
644  08-wave2-390.png  12.5K
644  06-info-1440.png  26.2K
644  07-wave1-390.png  11.6K
644  rm-static-1440.png  23.1K
644  05-unfold-1440.png  29.1K
644  06-info-390.png  13.9K
644  tier-low-1440.png  28.0K
644  05-unfold-390.png  13.9K
644  04-emerge-1440.png  26.8K
644  reverse-077-1440.png  45.2K
644  04-emerge-390.png  13.0K
644  03-velvet-1440.png  27.5K
644  03-velvet-390.png  14.2K
644  02-open-1440.png  27.2K
644  11-white-veil-768.png  12.6K
644  02-open-390.png  13.8K
644  10-entry-768.png  15.3K
644  01-case-1440.png  24.5K
644  01-case-390.png  12.9K
644  11-white-dom-1440.png  14.1K
644  09-approach-768.png  13.3K
[0m
[0m→ [0mRead docs/phase4/PLAN-MASTER.md[90m [offset=560, limit=50][0m
[0m
[0m$ [0mrtk ls -lt docs/phase4/qa/C | head -n 25; echo "===D==="; rtk ls -lt docs/phase4/qa/D | head -n 25; echo "===E==="; rtk ls -lt docs/phase4/qa/E | head -n 25; echo "===BEATS==="; rtk ls -lt docs/phase4/qa/beats | head -n 35; echo "===F==="; rtk ls -lt docs/phase4/qa/F | head -n 15
644  round2-34-q0.3.png  50.3K
644  round2-34-q0.2.png  40.0K
644  round2-34-q0.png  25.2K
644  round2-verify.json  1.2K
644  round2-side-q1.png  35.5K
644  round2-side-q0.8.png  35.4K
644  round2-side-q0.6.png  35.9K
644  round2-side-q0.5.png  40.6K
644  round2-side-q0.4.png  34.1K
644  round2-side-q0.3.png  30.1K
644  round2-side-q0.2.png  27.4K
644  round2-side-q0.png  21.9K
644  round2-34-q1.png  55.3K
644  round2-34-q0.8.png  55.4K
644  round2-34-q0.6.png  55.9K
644  round2-34-q0.5.png  60.9K
644  round2-34-q0.4.png  61.2K
644  C-glasses-q1.0.png  23.9K
644  C-glasses-q0.8.png  24.1K
644  C-glasses-q0.6.png  24.6K
644  C-hinge-q0.53.png  56.8K
644  C-end-q1.0.png  80.9K
644  C-side-q1.0.png  48.5K
644  C-side-q0.7.png  46.4K
644  C-side-q0.6.png  46.4K
===D===
644  r2-both-390.png  33.4K
644  r2-both-1440.png  147.7K
644  r2-w2-settled-390.png  41.5K
644  r2-w2-settled-1440.png  182.1K
644  r2-w2-flight-1440.png  36.6K
644  r2-w1-settled-390.png  23.4K
644  r2-w1-settled-1440.png  121.4K
644  r2-w1-seq-settled-1440.png  87.7K
644  r2-w1-seq-decel-1440.png  56.3K
644  r2-w1-seq-rush-1440.png  42.9K
644  r2-w1-seq-tiny-1440.png  39.1K
644  r2-03-sweep-1440.png  33.1K
644  r2-01-stage-1440.png  31.7K
644  capture-D.mjs  3.0K
644  08-wave2-settled-390.png  29.2K
644  07-wave1-settled-390.png  18.9K
644  07-wave1-midflight-390.png  12.1K
644  08-wave2-settled-1440.png  107.5K
644  07-wave1-settled-1440.png  89.1K
644  07-wave1-midflight-1440.png  56.8K
644  07-wave1-early-1440.png  41.2K
644  06-info-standin-1440.png  23.3K
644  03-sweep-b-1440.png  23.1K
644  03-sweep-a-1440.png  23.8K
644  01-stage-standin-1440.png  22.8K
===E===
644  ROUND2.md  5.9K
644  r2-footer-390.png  46.5K
644  r2-rest-visit-1440.png  51.8K
644  r2-rest-reviews-1440.png  172.0K
644  r2-rest-services-1440.png  96.0K
644  r2-rest-about-1440.png  115.0K
644  r2-rails-mobile-390.png  39.8K
644  r2-white-top-390.png  56.4K
644  r2-chapter-b5-1440.png  24.7K
644  r2-railspair-t6-1440.png  196.1K
644  r2-railspair-t0-1440.png  184.1K
644  r2-footer-1440.png  47.4K
644  r2-skip-in-film-1440.png  26.8K
644  r2-rm-static-1440.png  134.5K
644  r2-header-dark-390.png  23.1K
644  r2-rest-lenses-1440.png  87.5K
644  r2-canada-life-1440.png  12.6K
644  r2-rails-t6-1440.png  228.7K
644  r2-rails-t0-1440.png  221.9K
644  r2-white-edges-1440.png  259.9K
644  r2-header-paper-1440.png  53.2K
644  r2-white-top-1440.png  257.8K
644  r2-menu-1440.png  47.0K
644  r2-header-dark-1440.png  26.8K
644  header-dark-390.png  23.3K
===BEATS===
644  10-entry-1440.png  42.2K
644  09-approach-1440.png  35.5K
644  08-wave2-1440.png  43.0K
644  10-entry-390.png  8.4K
644  07-wave1-1440.png  40.8K
644  09-approach-390.png  11.8K
644  08-wave2-390.png  12.5K
644  06-info-1440.png  26.2K
644  07-wave1-390.png  11.6K
644  rm-static-1440.png  23.1K
644  05-unfold-1440.png  29.1K
644  06-info-390.png  13.9K
644  tier-low-1440.png  28.0K
644  05-unfold-390.png  13.9K
644  04-emerge-1440.png  26.8K
644  reverse-077-1440.png  45.2K
644  04-emerge-390.png  13.0K
644  03-velvet-1440.png  27.5K
644  03-velvet-390.png  14.2K
644  02-open-1440.png  27.2K
644  11-white-veil-768.png  12.6K
644  02-open-390.png  13.8K
644  10-entry-768.png  15.3K
644  01-case-1440.png  24.5K
644  01-case-390.png  12.9K
644  11-white-dom-1440.png  14.1K
644  09-approach-768.png  13.3K
===F===
644  policies-terms-390-full.png  3.3M
644  policies-privacy-390-full.png  3.3M
644  policies-refund-390-full.png  3.3M
644  contact-390-full.png  80.6K
644  services-390-full.png  222.4K
644  policies-terms-1440-full.png  3.4M
644  policies-privacy-1440-full.png  3.4M
644  policies-refund-1440-full.png  3.4M
644  contact-1440-full.png  95.1K
644  services-1440-full.png  319.1K
[0m
[0m$ [0mpython3 -c "
import os, glob, time
for d in ['docs/phase4/qa/C','docs/phase4/qa/D','docs/phase4/qa/E','docs/phase4/qa/F','docs/phase4/qa/beats']:
    files = glob.glob(d+'/*.png')+glob.glob(d+'/*.json')+glob.glob(d+'/*.md')
    files = sorted(files, key=lambda f: os.path.getmtime(f), reverse=True)
    print('==='+d+'===')
    for f in files[:12]:
        print(time.strftime('%m-%d %H:%M', time.localtime(os.path.getmtime(f))), f)
"
===docs/phase4/qa/C===
09-27 22:23 docs/phase4/qa/C/round2-34-q0.3.png
09-27 22:23 docs/phase4/qa/C/round2-34-q0.2.png
09-27 22:22 docs/phase4/qa/C/round2-34-q0.png
09-27 22:21 docs/phase4/qa/C/round2-verify.json
09-27 22:20 docs/phase4/qa/C/round2-side-q1.png
09-27 22:20 docs/phase4/qa/C/round2-side-q0.8.png
09-27 22:20 docs/phase4/qa/C/round2-side-q0.6.png
09-27 22:20 docs/phase4/qa/C/round2-side-q0.5.png
09-27 22:20 docs/phase4/qa/C/round2-side-q0.4.png
09-27 22:19 docs/phase4/qa/C/round2-side-q0.3.png
09-27 22:19 docs/phase4/qa/C/round2-side-q0.2.png
09-27 22:19 docs/phase4/qa/C/round2-side-q0.png
===docs/phase4/qa/D===
09-27 22:24 docs/phase4/qa/D/r2-both-390.png
09-27 22:24 docs/phase4/qa/D/r2-both-1440.png
09-27 22:24 docs/phase4/qa/D/r2-w2-settled-390.png
09-27 22:24 docs/phase4/qa/D/r2-w2-settled-1440.png
09-27 22:24 docs/phase4/qa/D/r2-w2-flight-1440.png
09-27 22:23 docs/phase4/qa/D/r2-w1-settled-390.png
09-27 22:23 docs/phase4/qa/D/r2-w1-settled-1440.png
09-27 22:23 docs/phase4/qa/D/r2-w1-seq-settled-1440.png
09-27 22:23 docs/phase4/qa/D/r2-w1-seq-decel-1440.png
09-27 22:23 docs/phase4/qa/D/r2-w1-seq-rush-1440.png
09-27 22:23 docs/phase4/qa/D/r2-w1-seq-tiny-1440.png
09-27 22:23 docs/phase4/qa/D/r2-03-sweep-1440.png
===docs/phase4/qa/E===
09-27 21:29 docs/phase4/qa/E/ROUND2.md
09-27 21:28 docs/phase4/qa/E/r2-footer-390.png
09-27 21:28 docs/phase4/qa/E/r2-rest-visit-1440.png
09-27 21:28 docs/phase4/qa/E/r2-rest-reviews-1440.png
09-27 21:28 docs/phase4/qa/E/r2-rest-services-1440.png
09-27 21:28 docs/phase4/qa/E/r2-rest-about-1440.png
09-27 21:27 docs/phase4/qa/E/r2-rails-mobile-390.png
09-27 21:27 docs/phase4/qa/E/r2-white-top-390.png
09-27 21:26 docs/phase4/qa/E/r2-chapter-b5-1440.png
09-27 21:25 docs/phase4/qa/E/r2-railspair-t6-1440.png
09-27 21:25 docs/phase4/qa/E/r2-railspair-t0-1440.png
09-27 21:25 docs/phase4/qa/E/r2-footer-1440.png
===docs/phase4/qa/F===
09-27 21:12 docs/phase4/qa/F/policies-terms-390-full.png
09-27 21:12 docs/phase4/qa/F/policies-privacy-390-full.png
09-27 21:12 docs/phase4/qa/F/policies-refund-390-full.png
09-27 21:12 docs/phase4/qa/F/contact-390-full.png
09-27 21:12 docs/phase4/qa/F/services-390-full.png
09-27 21:12 docs/phase4/qa/F/policies-terms-1440-full.png
09-27 21:12 docs/phase4/qa/F/policies-privacy-1440-full.png
09-27 21:12 docs/phase4/qa/F/policies-refund-1440-full.png
09-27 21:12 docs/phase4/qa/F/contact-1440-full.png
09-27 21:12 docs/phase4/qa/F/services-1440-full.png
===docs/phase4/qa/beats===
09-27 21:09 docs/phase4/qa/beats/10-entry-1440.png
09-27 21:09 docs/phase4/qa/beats/09-approach-1440.png
09-27 21:09 docs/phase4/qa/beats/08-wave2-1440.png
09-27 21:09 docs/phase4/qa/beats/10-entry-390.png
09-27 21:09 docs/phase4/qa/beats/07-wave1-1440.png
09-27 21:09 docs/phase4/qa/beats/09-approach-390.png
09-27 21:09 docs/phase4/qa/beats/08-wave2-390.png
09-27 21:09 docs/phase4/qa/beats/06-info-1440.png
09-27 21:09 docs/phase4/qa/beats/07-wave1-390.png
09-27 21:09 docs/phase4/qa/beats/rm-static-1440.png
09-27 21:09 docs/phase4/qa/beats/05-unfold-1440.png
09-27 21:09 docs/phase4/qa/beats/06-info-390.png
[0m
[0m# [0mTodos
[•] Fan out visual-critic per lane (C, D, E, beats/F)
[ ] Synthesize into docs/phase4/audit/VISUAL.md + HELPER-DONE
[0m
[0m• [0mCritique C object lane[90m Visual-Critic Agent[0m
[0m• [0mCritique D waves lane[90m Visual-Critic Agent[0m
[0m• [0mCritique E white/rest lane[90m Visual-Critic Agent[0m
[0m• [0mCritique F routes lane[90m Visual-Critic Agent[0m
[0m✓ [0mCritique C object lane[90m Visual-Critic Agent[0m
[0m✓ [0mCritique F routes lane[90m Visual-Critic Agent[0m
[0m✓ [0mCritique D waves lane[90m Visual-Critic Agent[0m
[0m✓ [0mCritique E white/rest lane[90m Visual-Critic Agent[0m
[0m
[0m$ [0mrtk ls docs/phase4/ 2>&1 | head -n 20; rtk ls docs/phase4/audit 2>&1 | head -n 20
audit/
feedback/
qa/
requests/
COPY-DRAFTS.md  7.0K
PLAN-MASTER.md  63.0K
PLAN-architecture.md  34.5K
PLAN-art-direction.md  31.4K
PLAN-motion.md  32.8K
PLAN-reference-teardowns.md  18.0K
PLAN-site-ia.md  23.1K
COPY.md  19.9K
[0m
[0m# [0mTodos
[✓] Fan out visual-critic per lane (C, D, E, beats/F)
[•] Synthesize into docs/phase4/audit/VISUAL.md + HELPER-DONE
[0m
[0m← [0mWrite docs/phase4/audit/VISUAL.md
Wrote file successfully.
[0m
[0m# [0mTodos
[✓] Fan out visual-critic per lane (C, D, E, beats/F)
[✓] Synthesize into docs/phase4/audit/VISUAL.md + HELPER-DONE
[0m
Wrote `docs/phase4/audit/VISUAL.md` — ranked P0/P1 per lane (C / D / E / F+beats) with screenshot paths, failed brief § / gate A#, and concrete fixes. Cross-lane fix order: wire real assets+timeline → lighting → overlays/gates → routes/fallbacks. §6d sweep passes except one byte-verbatim check (Services closer) + beats QA-chrome strip.

HELPER-DONE
EXIT 0 model=meta/muse-spark-1.3-contributor
