[0m
> build · muse-spark-1.3-contributor
[0m
[0m→ [0mRead docs/00-BRIEF.md
[0m
[0m# [0mTodos
[•] Read brief §6d + fan out parallel audit subagents
[ ] Synthesize A11Y-PERF.md with ranked P0/P1 file:line fixes
[0m
[0m• [0mAudit landmarks headings alt[90m General Agent[0m
[0m• [0mAudit reduced-motion branches[90m General Agent[0m
[0m• [0mAudit contrast tokens ratios[90m General Agent[0m
[0m• [0mAudit perf Canvas assets[90m General Agent[0m
[0m✓ [0mAudit reduced-motion branches[90m General Agent[0m
[0m✓ [0mAudit perf Canvas assets[90m General Agent[0m
[0m✓ [0mAudit landmarks headings alt[90m General Agent[0m
[0m✓ [0mAudit contrast tokens ratios[90m General Agent[0m
[0m→ [0mRead docs/phase4/audit
[0m
[0m# [0mTodos
[✓] Read brief §6d + fan out parallel audit subagents
[•] Synthesize A11Y-PERF.md with ranked P0/P1 file:line fixes
[0m
[0m← [0mWrite docs/phase4/audit/A11Y-PERF.md
Wrote file successfully.
[0m
[0m# [0mTodos
[✓] Read brief §6d + fan out parallel audit subagents
[✓] Synthesize A11Y-PERF.md with ranked P0/P1 file:line fixes
[0m
Wrote `docs/phase4/audit/A11Y-PERF.md` (static-only, §6d-scoped, 4 parallel subagents).

Top P0s: static Canvas import (`FilmCanvas.tsx:10`) + deferred code-splitting (`router.tsx:1-12`); raw 9.6 MB `case.glb` tried before `.opt.glb` (`modelLoader.ts:35-36`); `h1→h3` skip (`Services.tsx:81→100`); unscrimmed pre-scroll header/skip-film over canvas; menu missing focus trap/inert (`Header.tsx`). Top P1s: rail 60% nums 4.29/3.74:1 FAIL, amber-on-paper 2.0:1, 5× `useFrame` loops with no RM branch, unwired `BottomScrim` + thin video veil, 6 files >300 KB, missing image attrs.

HELPER-DONE
EXIT 0 model=meta/muse-spark-1.3-contributor
