[0m
> build · muse-spark-1.3-contributor
[0m
[0m→ [0mRead src/styles
[0m→ [0mRead docs/00-BRIEF.md
[0m→ [0mRead public/v1film/manifest.json
[0m→ [0mRead src/components/dom/index.ts
[0m→ [0mRead src/styles/tokens.css
[0m→ [0mRead public/web/brands-light
[0m→ [0mRead public/web/insurance-light
[0m→ [0mRead src/v1
[0m✗ [0mRead v1-waves.html failed
[91m[1mError: [0mFile not found: /Users/admin/Desktop/BUISNESS/EyeQ Vision Care/V1/v1-waves.html
[0m→ [0mRead index.html
[0m✱ [0mGlob "src/v1/*"[90m 0 matches[0m
[0m✱ [0mGlob "v1-*.html"[90m 0 matches[0m
[0m
[0m← [0mWrite src/v1/BrandWaves.tsx
Wrote file successfully.
[0m
[0m← [0mWrite src/v1/waves.css
Wrote file successfully.
[0m
[0m← [0mWrite src/v1/BrandWaves.tsx
Wrote file successfully.
[0m
[0m← [0mWrite src/v1/dev-waves.tsx
Wrote file successfully.
[0m
[0m← [0mWrite v1-waves.html
Wrote file successfully.
[0m
[0m← [0mWrite src/v1/waves.css
Wrote file successfully.
[0m
[0m→ [0mRead src/main.tsx
[0m
[0m← [0mEdit src/v1/dev-waves.tsx
Index: /Users/admin/Desktop/BUISNESS/EyeQ Vision Care/V1/src/v1/dev-waves.tsx
===================================================================
--- /Users/admin/Desktop/BUISNESS/EyeQ Vision Care/V1/src/v1/dev-waves.tsx
+++ /Users/admin/Desktop/BUISNESS/EyeQ Vision Care/V1/src/v1/dev-waves.tsx
@@ -1,6 +1,8 @@
-import { useState } from "react";
+import { StrictMode, useState } from "react";
+import { createRoot } from "react-dom/client";
 import BrandWaves from "./BrandWaves";
+import "../styles/tokens.css";
 
 const STOPS = [0.42, 0.47, 0.52, 0.57, 0.62, 0.68];
 
 export default function DevWaves() {

[0m
[0m← [0mEdit src/v1/dev-waves.tsx
Index: /Users/admin/Desktop/BUISNESS/EyeQ Vision Care/V1/src/v1/dev-waves.tsx
===================================================================
--- /Users/admin/Desktop/BUISNESS/EyeQ Vision Care/V1/src/v1/dev-waves.tsx
+++ /Users/admin/Desktop/BUISNESS/EyeQ Vision Care/V1/src/v1/dev-waves.tsx
@@ -32,4 +32,10 @@
       </div>
     </div>
   );
 }
+
+createRoot(document.getElementById("root")!).render(
+  <StrictMode>
+    <DevWaves />
+  </StrictMode>
+);

[0m
[0m$ [0mrtk npx vite --port 5202 --strictPort & sleep 6; rtk curl -s -o /dev/null -w "%{http_code}" http://localhost:5202/v1-waves.html
200
  VITE v8.3.1  ready in 462 ms
  ➜  Local:   http://localhost:5202/
  ➜  Network: use --host to expose


<shell_metadata>
shell tool terminated command after exceeding timeout 60000 ms. If this command is expected to take longer and is not waiting for interactive input, retry with a larger timeout value in milliseconds.
</shell_metadata>
[0m
[0m$ [0mcurl -s -o /dev/null -w "%{http_code}" --max-time 5 http://localhost:5202/v1-waves.html || (nohup npx vite --port 5202 --strictPort > /tmp/vite-waves.log 2>&1 & sleep 5; curl -s -o /dev/null -w "%{http_code}" --max-time 5 http://localhost:5202/v1-waves.html)
000200
[0m
[0m$ [0mrtk ls docs/phase4/qa 2>/dev/null; mkdir -p "docs/phase4/qa/v1" && rtk ls docs/phase4/qa/v1
A/
B/
C/
D/
E/
F/
beats/
v1/
text-0p02-desk.png  14.1K
text-0p02-mob.png  10.5K
text-0p28-desk.png  28.8K
text-0p28-mob.png  16.2K
text-0p34-desk.png  33.8K
text-0p34-mob.png  21.7K
[0m
[0m⚙ [0mplaywright_browser_navigate {"url":"http://localhost:5202/v1-waves.html?p=0.42"}
[0m⚙ [0mplaywright_browser_console_messages {"level":"error"}
[0m⚙ [0mplaywright_browser_resize {"height":900,"width":1440}
[0m⚙ [0mplaywright_browser_navigate {"url":"http://localhost:5202/v1-waves.html?p=0.42"}
[0m⚙ [0mplaywright_browser_take_screenshot {"filename":"docs/phase4/qa/v1/waves-p042-1440.png"}
[0m→ [0mRead docs/phase4/qa/v1/waves-p042-1440.png
[0m⚙ [0mplaywright_browser_navigate {"url":"http://localhost:5202/v1-waves.html?p=0.47"}
[0m⚙ [0mplaywright_browser_take_screenshot {"filename":"docs/phase4/qa/v1/waves-p047-1440.png"}
[0m⚙ [0mplaywright_browser_navigate {"url":"http://localhost:5202/v1-waves.html?p=0.52"}
[0m⚙ [0mplaywright_browser_take_screenshot {"filename":"docs/phase4/qa/v1/waves-p052-1440.png"}
[0m⚙ [0mplaywright_browser_navigate {"url":"http://localhost:5202/v1-waves.html?p=0.57"}
[0m⚙ [0mplaywright_browser_take_screenshot {"filename":"docs/phase4/qa/v1/waves-p057-1440.png"}
[0m⚙ [0mplaywright_browser_navigate {"url":"http://localhost:5202/v1-waves.html?p=0.62"}
[0m⚙ [0mplaywright_browser_take_screenshot {"filename":"docs/phase4/qa/v1/waves-p062-1440.png"}
[0m⚙ [0mplaywright_browser_navigate {"url":"http://localhost:5202/v1-waves.html?p=0.68"}
[0m⚙ [0mplaywright_browser_take_screenshot {"filename":"docs/phase4/qa/v1/waves-p068-1440.png"}
[0m⚙ [0mplaywright_browser_resize {"height":844,"width":390}
[0m⚙ [0mplaywright_browser_navigate {"url":"http://localhost:5202/v1-waves.html?p=0.42"}
[0m⚙ [0mplaywright_browser_take_screenshot {"filename":"docs/phase4/qa/v1/waves-p042-390.png"}
[0m⚙ [0mplaywright_browser_navigate {"url":"http://localhost:5202/v1-waves.html?p=0.47"}
[0m⚙ [0mplaywright_browser_take_screenshot {"filename":"docs/phase4/qa/v1/waves-p047-390.png"}
[0m⚙ [0mplaywright_browser_navigate {"url":"http://localhost:5202/v1-waves.html?p=0.52"}
[0m⚙ [0mplaywright_browser_take_screenshot {"filename":"docs/phase4/qa/v1/waves-p052-390.png"}
[0m⚙ [0mplaywright_browser_navigate {"url":"http://localhost:5202/v1-waves.html?p=0.57"}
[0m⚙ [0mplaywright_browser_take_screenshot {"filename":"docs/phase4/qa/v1/waves-p057-390.png"}
[0m⚙ [0mplaywright_browser_navigate {"url":"http://localhost:5202/v1-waves.html?p=0.62"}
[0m⚙ [0mplaywright_browser_take_screenshot {"filename":"docs/phase4/qa/v1/waves-p062-390.png"}
[0m⚙ [0mplaywright_browser_navigate {"url":"http://localhost:5202/v1-waves.html?p=0.68"}
[0m⚙ [0mplaywright_browser_take_screenshot {"filename":"docs/phase4/qa/v1/waves-p068-390.png"}
[0m→ [0mRead docs/phase4/qa/v1/waves-p052-1440.png
[0m→ [0mRead docs/phase4/qa/v1/waves-p057-1440.png
[0m→ [0mRead docs/phase4/qa/v1/waves-p068-1440.png
[0m→ [0mRead docs/phase4/qa/v1/waves-p057-390.png
[0m
[0m← [0mEdit src/v1/BrandWaves.tsx
Index: /Users/admin/Desktop/BUISNESS/EyeQ Vision Care/V1/src/v1/BrandWaves.tsx
===================================================================
--- /Users/admin/Desktop/BUISNESS/EyeQ Vision Care/V1/src/v1/BrandWaves.tsx
+++ /Users/admin/Desktop/BUISNESS/EyeQ Vision Care/V1/src/v1/BrandWaves.tsx
@@ -1,18 +1,18 @@
 import { useEffect, useState } from "react";
 import "./waves.css";
 
-type Slot = { x: number; y: number; cls: string; z: number; src: string; alt: string };
+type Slot = { x: number; y: number; mx?: number; my?: number; cls: string; z: number; src: string; alt: string };
 
 const BRANDS: Slot[] = [
-  { x: 11, y: 17, cls: "bw-xl", z: 0,    src: "/web/brands-light/maui-jim.png", alt: "Maui Jim" },
-  { x: 81, y: 15, cls: "bw-xl", z: -140, src: "/web/brands-light/ray-ban.png",  alt: "Ray-Ban" },
-  { x: 6,  y: 41, cls: "bw-lg", z: -70,  src: "/web/brands-light/prada.png",    alt: "Prada" },
-  { x: 85, y: 40, cls: "bw-lg", z: -190, src: "/web/brands-light/miu-miu.png",  alt: "Miu Miu" },
-  { x: 12, y: 64, cls: "bw-md", z: -40,  src: "/web/brands-light/persol.png",   alt: "Persol" },
-  { x: 82, y: 65, cls: "bw-lg", z: -110, src: "/web/brands-light/oakley.png",   alt: "Oakley" },
-  { x: 33, y: 10, cls: "bw-md", z: -220, src: "/web/brands-light/tiffany.png",  alt: "Tiffany & Co." },
-  { x: 61, y: 10, cls: "bw-md", z: -90,  src: "/web/brands-light/versace.png",  alt: "Versace" },
+  { x: 11, y: 17, mx: 22, my: 12, cls: "bw-xl", z: 0,    src: "/web/brands-light/maui-jim.png", alt: "Maui Jim" },
+  { x: 81, y: 15, mx: 76, my: 11, cls: "bw-xl", z: -140, src: "/web/brands-light/ray-ban.png",  alt: "Ray-Ban" },
+  { x: 6,  y: 41, mx: 20, my: 30, cls: "bw-lg", z: -70,  src: "/web/brands-light/prada.png",    alt: "Prada" },
+  { x: 85, y: 40, mx: 78, my: 30, cls: "bw-lg", z: -190, src: "/web/brands-light/miu-miu.png",  alt: "Miu Miu" },
+  { x: 12, y: 64, mx: 20, my: 66, cls: "bw-md", z: -40,  src: "/web/brands-light/persol.png",   alt: "Persol" },
+  { x: 82, y: 65, mx: 82, my: 64, cls: "bw-lg", z: -110, src: "/web/brands-light/oakley.png",   alt: "Oakley" },
+  { x: 33, y: 10, mx: 44, my: 5,  cls: "bw-md", z: -220, src: "/web/brands-light/tiffany.png",  alt: "Tiffany & Co." },
+  { x: 61, y: 10, mx: 70, my: 5,  cls: "bw-md", z: -90,  src: "/web/brands-light/versace.png",  alt: "Versace" },
 ];
 
 const INSURERS: Slot[] = [
   { x: 7,  y: 82, cls: "bw-xs", z: 0,    src: "/web/insurance-light/canada-life-min.png",    alt: "Canada Life" },

[0m
[0m← [0mEdit src/v1/BrandWaves.tsx
Index: /Users/admin/Desktop/BUISNESS/EyeQ Vision Care/V1/src/v1/BrandWaves.tsx
===================================================================
--- /Users/admin/Desktop/BUISNESS/EyeQ Vision Care/V1/src/v1/BrandWaves.tsx
+++ /Users/admin/Desktop/BUISNESS/EyeQ Vision Care/V1/src/v1/BrandWaves.tsx
@@ -47,10 +47,14 @@
 }) {
   const t = clamp01((p - start) / dur);
   if (t <= 0) return null;
   const e = easeOutExpo(t);
-  const squeeze = W < 700 ? 0.72 : 1;
-  const sx = 50 + (slot.x - 50) * squeeze;
+  const narrow = W < 700;
+  // Narrow screens use dedicated slots (two-row rhythm for the insurer band);
+  // desktop pulls side slots slightly inward so nothing bleeds off-edge.
+  const squeeze = narrow ? 1 : 1;
+  const bx = narrow && slot.mx !== undefined ? slot.mx : 50 + (slot.x - 50) * squeeze;
+  const by = narrow && slot.my !== undefined ? slot.my : slot.y;
   const settled = t >= 1;
   const driftX = settled ? Math.sin(p * 40 + i * 1.7) * driftAmp : 0;
   const driftY = settled ? Math.cos(p * 34 + i * 2.1) * (driftAmp * 0.8) : 0;
   const ox = (((sx - 50) * e) / 100) * W + driftX;

[0m
[0m← [0mEdit src/v1/BrandWaves.tsx
Index: /Users/admin/Desktop/BUISNESS/EyeQ Vision Care/V1/src/v1/BrandWaves.tsx
===================================================================
--- /Users/admin/Desktop/BUISNESS/EyeQ Vision Care/V1/src/v1/BrandWaves.tsx
+++ /Users/admin/Desktop/BUISNESS/EyeQ Vision Care/V1/src/v1/BrandWaves.tsx
@@ -57,9 +57,9 @@
 const settled = t >= 1;
 const driftX = settled ? Math.sin(p * 40 + i * 1.7) * driftAmp : 0;
 const driftY = settled ? Math.cos(p * 34 + i * 2.1) * (driftAmp * 0.8) : 0;
 const ox = (((sx - 50) * e) / 100) * W + driftX;
-const oy = (((slot.y - 50) * e) / 100) * H + driftY;
+const oy = (((by - 50) * e) / 100) * H + driftY;
 const zz = z0 + (slot.z - z0) * e + exitZ;
 const opacity = Math.min(1, t / 0.08) * (1 - exitT);
 const speed = Math.pow(2, -10 * t);
 const showStreak = t < 0.9 && exitT < 0.5;

[0m
[0m← [0mEdit src/v1/BrandWaves.tsx
Index: /Users/admin/Desktop/BUISNESS/EyeQ Vision Care/V1/src/v1/BrandWaves.tsx
===================================================================
--- /Users/admin/Desktop/BUISNESS/EyeQ Vision Care/V1/src/v1/BrandWaves.tsx
+++ /Users/admin/Desktop/BUISNESS/EyeQ Vision Care/V1/src/v1/BrandWaves.tsx
@@ -56,9 +56,9 @@
 const by = narrow && slot.my !== undefined ? slot.my : slot.y;
 const settled = t >= 1;
 const driftX = settled ? Math.sin(p * 40 + i * 1.7) * driftAmp : 0;
 const driftY = settled ? Math.cos(p * 34 + i * 2.1) * (driftAmp * 0.8) : 0;
-const ox = (((sx - 50) * e) / 100) * W + driftX;
+const ox = (((bx - 50) * e) / 100) * W + driftX;
 const oy = (((by - 50) * e) / 100) * H + driftY;
 const zz = z0 + (slot.z - z0) * e + exitZ;
 const opacity = Math.min(1, t / 0.08) * (1 - exitT);
 const speed = Math.pow(2, -10 * t);

[0m
[0m← [0mEdit src/v1/BrandWaves.tsx
Index: /Users/admin/Desktop/BUISNESS/EyeQ Vision Care/V1/src/v1/BrandWaves.tsx
===================================================================
--- /Users/admin/Desktop/BUISNESS/EyeQ Vision Care/V1/src/v1/BrandWaves.tsx
+++ /Users/admin/Desktop/BUISNESS/EyeQ Vision Care/V1/src/v1/BrandWaves.tsx
@@ -64,9 +64,9 @@
 const speed = Math.pow(2, -10 * t);
 const showStreak = t < 0.9 && exitT < 0.5;
 const streakLen = Math.max(0, speed * Math.min(260, W * 0.18));
 const streakOp = Math.min(0.85, speed * 0.9) * (1 - exitT);
-const ang = (Math.atan2(((50 - slot.y) / 100) * H, ((50 - sx) / 100) * W) * 180) / Math.PI;
+const ang = (Math.atan2(((50 - by) / 100) * H, ((50 - bx) / 100) * W) * 180) / Math.PI;
 return (
   <div
     className="bw-item"
     style={{

[0m
[0m← [0mEdit src/v1/BrandWaves.tsx
Index: /Users/admin/Desktop/BUISNESS/EyeQ Vision Care/V1/src/v1/BrandWaves.tsx
===================================================================
--- /Users/admin/Desktop/BUISNESS/EyeQ Vision Care/V1/src/v1/BrandWaves.tsx
+++ /Users/admin/Desktop/BUISNESS/EyeQ Vision Care/V1/src/v1/BrandWaves.tsx
@@ -14,16 +14,16 @@
   { x: 61, y: 10, mx: 70, my: 5,  cls: "bw-md", z: -90,  src: "/web/brands-light/versace.png",  alt: "Versace" },
 ];
 
 const INSURERS: Slot[] = [
-  { x: 7,  y: 82, cls: "bw-xs", z: 0,    src: "/web/insurance-light/canada-life-min.png",    alt: "Canada Life" },
-  { x: 19, y: 86, cls: "bw-xs", z: -60,  src: "/web/insurance-light/desjardins.png",         alt: "Desjardins" },
-  { x: 31, y: 82, cls: "bw-xs", z: -30,  src: "/web/insurance-light/empire-life.png",        alt: "Empire Life" },
-  { x: 43, y: 86, cls: "bw-xs", z: -90,  src: "/web/insurance-light/greenshield.png",        alt: "GreenShield" },
-  { x: 57, y: 86, cls: "bw-xs", z: -45,  src: "/web/insurance-light/ia-financial-group.png", alt: "iA Financial Group" },
-  { x: 69, y: 82, cls: "bw-xs", z: -75,  src: "/web/insurance-light/manulife.png",           alt: "Manulife" },
-  { x: 81, y: 86, cls: "bw-xs", z: -20,  src: "/web/insurance-light/mbc-logo-en.png",        alt: "Maximum Benefit Center" },
-  { x: 92, y: 82, cls: "bw-xs", z: -100, src: "/web/insurance-light/sun-life.png",           alt: "Sun Life" },
+  { x: 7,  y: 82, mx: 13, my: 79, cls: "bw-xs", z: 0,    src: "/web/insurance-light/canada-life-min.png",    alt: "Canada Life" },
+  { x: 19, y: 86, mx: 38, my: 79, cls: "bw-xs", z: -60,  src: "/web/insurance-light/desjardins.png",         alt: "Desjardins" },
+  { x: 31, y: 82, mx: 62, my: 79, cls: "bw-xs", z: -30,  src: "/web/insurance-light/empire-life.png",        alt: "Empire Life" },
+  { x: 43, y: 86, mx: 87, my: 79, cls: "bw-xs", z: -90,  src: "/web/insurance-light/greenshield.png",        alt: "GreenShield" },
+  { x: 57, y: 86, mx: 13, my: 87, cls: "bw-xs", z: -45,  src: "/web/insurance-light/ia-financial-group.png", alt: "iA Financial Group" },
+  { x: 69, y: 82, mx: 38, my: 87, cls: "bw-xs", z: -75,  src: "/web/insurance-light/manulife.png",           alt: "Manulife" },
+  { x: 81, y: 86, mx: 62, my: 87, cls: "bw-xs", z: -20,  src: "/web/insurance-light/mbc-logo-en.png",        alt: "Maximum Benefit Center" },
+  { x: 92, y: 82, mx: 87, my: 87, cls: "bw-xs", z: -100, src: "/web/insurance-light/sun-life.png",           alt: "Sun Life" },
 ];
 
 const clamp01 = (v: number) => (v < 0 ? 0 : v > 1 ? 1 : v);
 const easeOutExpo = (t: number) => (t <= 0 ? 0 : t >= 1 ? 1 : 1 - Math.pow(2, -10 * t));

[0m
[0m← [0mEdit src/v1/waves.css
Index: /Users/admin/Desktop/BUISNESS/EyeQ Vision Care/V1/src/v1/waves.css
===================================================================
--- /Users/admin/Desktop/BUISNESS/EyeQ Vision Care/V1/src/v1/waves.css
+++ /Users/admin/Desktop/BUISNESS/EyeQ Vision Care/V1/src/v1/waves.css
@@ -69,6 +69,10 @@
   will-change: opacity;
 }
 @media (max-width: 700px) {
   .bw-root { perspective-origin: 50% 42%; }
+  .bw-xl img { width: max(84px, 24vw); }
+  .bw-lg img { width: max(76px, 21vw); }
+  .bw-md img { width: max(68px, 18vw); }
+  .bw-xs img { width: max(72px, 19vw); }
   .bw-label { font-size: 10px; top: 93%; }
 }

[0m
[0m⚙ [0mplaywright_browser_navigate {"url":"http://localhost:5202/v1-waves.html?p=0.57"}
[0m⚙ [0mplaywright_browser_take_screenshot {"filename":"docs/phase4/qa/v1/waves-p057-390.png"}
[0m→ [0mRead docs/phase4/qa/v1/waves-p057-390.png
[0m⚙ [0mplaywright_browser_navigate {"url":"http://localhost:5202/v1-waves.html?p=0.68"}
[0m⚙ [0mplaywright_browser_take_screenshot {"filename":"docs/phase4/qa/v1/waves-p068-390.png"}
[0m→ [0mRead docs/phase4/qa/v1/waves-p068-390.png
[0m⚙ [0mplaywright_browser_resize {"height":900,"width":1440}
[0m⚙ [0mplaywright_browser_navigate {"url":"http://localhost:5202/v1-waves.html?p=0.72"}
[0m⚙ [0mplaywright_browser_evaluate {"function":"() => document.querySelector('.bw-root')?.innerHTML.length ?? -1"}
[0m⚙ [0mplaywright_browser_navigate {"url":"http://localhost:5202/v1-waves.html?p=0.745"}
[0m⚙ [0mplaywright_browser_evaluate {"function":"() => document.querySelector('.bw-root') ? 'mounted' : 'unmounted-clean'"}
[0m
[0m$ [0mpkill -f "vite --port 5202" || kill $(lsof -ti:5202) 2>/dev/null; sleep 1; curl -s -o /dev/null -w "%{http_code}" --max-time 3 http://localhost:5202/v1-waves.html || true
000
[0m
V1-WAVES-DONE
- `src/v1/BrandWaves.tsx` + `src/v1/waves.css`: default-export overlay, pure function of `progress`, pointer-events none, unlinked logos, CSS-3D travel (perspective 900px, −6000px/−2600px rush, expo-out settle, speed-proportional streaks), accumulation, hover drift, 0.70→0.74 fly-past fade, transforms/opacity only.
- `v1-waves.html` + `src/v1/dev-waves.tsx`: test page with ?p= support, slider + stop presets, centre-safe reticle.
- QA: 12 screenshots in `docs/phase4/qa/v1/waves-*.png` (6 stops × 1440/390), reviewed; fixed mobile overlap with dedicated narrow slots + two-row insurer band.
- Integration: import `BrandWaves` from `../v1/BrandWaves`, render absolutely over the film stage with film progress p, behind the lens-zoom beat.
EXIT 0 model=meta/muse-spark-1.3-contributor
