[0m
> build · muse-spark-1.3-contributor-free
[0m
Starting V3 PERF fixes — reading QA notes and inspecting film sequence files.
[0m# [0mTodos
[•] Read ORCHESTRATOR-NOTES.md and QA.md for V3
[ ] Inspect FilmSequence.tsx, frameLoader.ts, public/v1film
[ ] Fix mobile focal-point cover crop + pure #000 letterbox
[ ] Verify with Playwright 1512x860 and 390x844, screenshots
[ ] Write FIX-PERF.md, stop server, end V3-FIX-PERF-DONE
[0m
[0m→ [0mRead .
[0m→ [0mRead docs/phase4/qa/v3/ORCHESTRATOR-NOTES.md
[0m✗ [0mRead docs/phase4/qa/v3/QA.md failed
[91m[1mError: [0mFile not found: /Users/admin/Desktop/BUISNESS/EyeQ Vision Care/V1/docs/phase4/qa/v3/QA.md
[0m→ [0mRead src/v1/FilmSequence.tsx
[0m→ [0mRead src/v1/frameLoader.ts
[0m→ [0mRead public/v1film/manifest.json
[0m✱ [0mGlob "src/v1/*"[90m 19 matches[0m
[0m✱ [0mGrep "v1-film|v1-finish|vignette|letterbox|VOID|#050607|#000"[90m in src · 75 matches[0m
[0m→ [0mRead src/v1/v1.css
[0m→ [0mRead src/v1/filmCurve.ts
[0m✱ [0mGrep "subject|focal|side map|cover"[90m in docs · 42 matches[0m
[0m
[0m$ [0mnpm run build 2>&1 | head -n 100
(no output)

<shell_metadata>
shell tool terminated command after exceeding timeout 120000 ms. If this command is expected to take longer and is not waiting for interactive input, retry with a larger timeout value in milliseconds.
</shell_metadata>
[0m
[91m[1mError: [0mError from provider (Console): Rate limit exceeded. Please try again later.
EXIT 1 model=opencode/muse-spark-1.3-contributor-free
