[0m
> build · muse-spark-1.3-contributor
[0m
[0m→ [0mRead .
[0m→ [0mRead src/v1/frameLoader.ts
[0m→ [0mRead src/v1/FilmSequence.tsx
[0m→ [0mRead public/v1film/manifest.json
[0m→ [0mRead public/v1film
[0m→ [0mRead src/v1/filmCurve.ts
[0m✗ [0mGrep "hd\.json|tiers.*hd|TierName" failed
[91m[1mError: [0mRipgrep JSON record exceeded 65536 bytes
[0m→ [0mRead .orchestration
[0m→ [0mRead docs/phase4/qa/v4
[0m→ [0mRead package.json
[0m→ [0mRead .orchestration/prompts
[0m
[0m$ [0mrtk ls -la "/Users/admin/Desktop/BUISNESS/EyeQ Vision Care/V1/docs/phase4/qa" 2>/dev/null; rtk ls "/Users/admin/Desktop/BUISNESS/EyeQ Vision Care/V1/.orchestration/tmp" 2>/dev/null | head -20; rtk read "/Users/admin/Desktop/BUISNESS/EyeQ Vision Care/V1/vite.config.ts"
755  A/
755  B/
755  C/
755  D/
755  E/
755  F/
755  beats/
755  polish/
755  v1/
755  v2/
755  v3/
755  v4/
d1/
g_analyze.py  2.2K
g_analyze2.py  1.2K
g_blender.py  3.4K
g_color.py  2.3K
g_draco.glb  7.7M
g_full.glb  8.8M
g_hinge.py  891B
g_qa.py  2.6K
glasses_stage1.json  823B
logo_trace.py  5.2K
logo_variants.log  2.6K
logo_variants.py  5.2K
p3_glasses_inspect.py  2.4K
p3_glasses_s1.py  12.2K
import { defineConfig } from 'vite'
import react from '@vitejs/plugin-react'

// EyeQ Vision Care cinematic homepage — Lane A scaffold.
// Static-host SPA fallback: `public/_redirects` + postbuild copy of
// index.html -> dist/404.html (see package.json `postbuild`).
export default defineConfig({
  plugins: [react()],
})
[0m
[0m→ [0mRead .orchestration/prompts/FRAMEGEN.md
[0m→ [0mRead .orchestration/prompts/LOADER.md
[0m
[0m$ [0mlsof -i :5801 2>/dev/null | head -5; rtk ls public/v1film/web | head -3; rtk ls public/v1film/hd 2>&1 | head -3; cat docs/phase4/qa/v4/FRAMEGEN.md 2>/dev/null | head -20 || echo "no framegen md yet"
f_00001.webp  9.1K
f_00002.webp  9.1K
f_00003.webp  9.1K
(empty)
# FRAMEGEN — x3 interpolation + 1080p (ID=FRAMEGEN)

Owner: FRAMEGEN agent. Scope: `scripts/framegen/**`, `public/v1film/hd/**`, `public/v1film/hd.json` only.
Source: `render-repo/out/frames/f_00001..f_03588.webp` (3024×1720). Target: 10762 frames @1920×1092, WebP q≈72, interp=3.

## Log
- T+0: env check — arm64, py3.13, torch 2.12 MPS=yes, PIL 12.2, cv2 5.0, cwebp present, system ffmpeg BROKEN (libx265 dylib) → encode via PIL/cwebp. Disk 38Gi free → chunked pipeline.
- T+0: nihui rife-ncnn-vulkan latest release = 20221029 (old, pre-v4.6 models) → REJECT per spec (needs rife-v4.6+). Going Practical-RIFE (PyTorch, device=mps) + official v4.6 weights.
[0m
[0m# [0mTodos
[•] Rewrite frameLoader.ts: hd tier, hd.json sidecar, real-first priority, LRU 300
[ ] Rewrite FilmSequence.tsx draw: velocity-settle crisp snap + hd real-only fast path
[ ] Update manifest.json with hd tier entry
[ ] Typecheck + verify dev server fallback, write LOADER.md
[0m
[0m← [0mWrite src/v1/frameLoader.ts
Wrote file successfully.
[0m
[0m← [0mEdit src/v1/FilmSequence.tsx
Index: /Users/admin/Desktop/BUISNESS/EyeQ Vision Care/V1/src/v1/FilmSequence.tsx
===================================================================
--- /Users/admin/Desktop/BUISNESS/EyeQ Vision Care/V1/src/v1/FilmSequence.tsx
+++ /Users/admin/Desktop/BUISNESS/EyeQ Vision Care/V1/src/v1/FilmSequence.tsx
@@ -25,15 +25,17 @@
 import { initSnap } from './snap';
 import { setFilmProgress, useFilmProgress, FILM_CHAPTERS } from './progress';
 import { scrollToFilm } from './filmCurve';
 import {
-  loadManifest,
+  loadManifestWithHd,
   pickTier,
+  pickTierWithHd,
   canvasDprCap,
   frameUrl,
   tierSize,
   FrameLoader,
   type FilmManifest,
+  type HdSidecar,
   type Frame,
 } from './frameLoader';
 import BrandWaves from './BrandWaves';
 import FilmCaptions from './FilmCaptions';

[0m
[0m← [0mEdit src/v1/FilmSequence.tsx
Index: /Users/admin/Desktop/BUISNESS/EyeQ Vision Care/V1/src/v1/FilmSequence.tsx
===================================================================
--- /Users/admin/Desktop/BUISNESS/EyeQ Vision Care/V1/src/v1/FilmSequence.tsx
+++ /Users/admin/Desktop/BUISNESS/EyeQ Vision Care/V1/src/v1/FilmSequence.tsx
@@ -4,10 +4,12 @@
 // 3588 frames) via frameLoader: web tier on all desktop (full only ?hq=1),
 // small first batch + stride prefetch, then priority fill ±60 around the
 // playhead (4 concurrent, createImageBitmap off-main-thread, LRU 240/120,
 // abort far requests, suspend off-screen). Missing frames fall back to the
-// nearest loaded neighbour; cross-blend collapses to a single drawImage at
-// high scroll velocity. Grain/vignette are static CSS layers (no per-frame
+// missing frames fall back to the
+// nearest loaded neighbour (hd fast: nearest loaded REAL); cross-blend
+// ONLY while moving — at rest (velocity <0.0005 film/frame for 120ms) the
+// draw snaps to the single nearest frame, never a blend (LOADER-a). Grain/vignette are static CSS layers (no per-frame
 // canvas work); letterbox bars are pure #000.
 //  - Shared Lenis singleton from ./lenis (single RAF with the GSAP ticker);
 //    scrubbed draw at rAF with fractional frame interpolation (cross-blend
 //    two nearest frames).

[0m
[0m← [0mEdit src/v1/FilmSequence.tsx
Index: /Users/admin/Desktop/BUISNESS/EyeQ Vision Care/V1/src/v1/FilmSequence.tsx
===================================================================
--- /Users/admin/Desktop/BUISNESS/EyeQ Vision Care/V1/src/v1/FilmSequence.tsx
+++ /Users/admin/Desktop/BUISNESS/EyeQ Vision Care/V1/src/v1/FilmSequence.tsx
@@ -207,9 +207,20 @@
 let smooth = 0;
 let lastF = -1; // last drawn fractional position; -1 = nothing yet
 let velSmooth = 0;
 let prevTarget = 0;
+let prevSmooth = 0;
 let batchReady = false;
+// LOADER-a: rest detection — blend only while scroll velocity is
+// non-trivial; when velocity settles (<0.0005 film/frame for 120ms)
+// snap to the single nearest frame (hard, crisp). lastActiveMs marks
+// the last tick with real motion; lastCrispIdx dedupes the rest draw
+// so we don't re-blit every rAF while idle.
+let lastActiveMs = 0;
+let lastCrispIdx = -1;
+const SETTLE_VEL = 0.0005;
+const SETTLE_MS = 120;
+const FAST_VEL = 0.004;
 // FRAME: band-rect cache for --film-band-top/--film-band-bottom (CSS px).
 // Writes only when the rect moves ≥0.5px — no per-frame style churn.
 let dprUsed = 1;
 let lastBandTop = -1;

[0m
[0m← [0mEdit src/v1/FilmSequence.tsx
Index: /Users/admin/Desktop/BUISNESS/EyeQ Vision Care/V1/src/v1/FilmSequence.tsx
===================================================================
--- /Users/admin/Desktop/BUISNESS/EyeQ Vision Care/V1/src/v1/FilmSequence.tsx
+++ /Users/admin/Desktop/BUISNESS/EyeQ Vision Care/V1/src/v1/FilmSequence.tsx
@@ -306,9 +306,8 @@
 const clamped = clamp01(f) * maxI;
 const i0 = Math.min(maxI, Math.floor(clamped));
 const alpha = clamped - i0;
 const i1 = Math.min(maxI, i0 + 1);
-// F5-MOBILE: portrait focal follows the SUBJECT SIDE MAP via the
 // current source frame (1-based): 1–30 centre; 30–145 RIGHT;
 // 145–215 →LEFT; 215–325 LEFT; 325–411 centre; 411–470 RIGHT;
 // 470–615 centre. Smooth interpolation (no jumps). Landscape 0.5.
 // FRAME: in the portrait fit-width band the focal steers the mild

[0m
[0m→ [0mRead src/v1/FilmSequence.tsx[90m [limit=60, offset=286][0m
[0m
[0m← [0mEdit src/v1/FilmSequence.tsx
Index: /Users/admin/Desktop/BUISNESS/EyeQ Vision Care/V1/src/v1/FilmSequence.tsx
===================================================================
--- /Users/admin/Desktop/BUISNESS/EyeQ Vision Care/V1/src/v1/FilmSequence.tsx
+++ /Users/admin/Desktop/BUISNESS/EyeQ Vision Care/V1/src/v1/FilmSequence.tsx
@@ -306,8 +306,9 @@
 const clamped = clamp01(f) * maxI;
 const i0 = Math.min(maxI, Math.floor(clamped));
 const alpha = clamped - i0;
 const i1 = Math.min(maxI, i0 + 1);
+// F5-MOBILE: portrait focal follows the SUBJECT SIDE MAP via the
 // current source frame (1-based): 1–30 centre; 30–145 RIGHT;
 // 145–215 →LEFT; 215–325 LEFT; 325–411 centre; 411–470 RIGHT;
 // 470–615 centre. Smooth interpolation (no jumps). Landscape 0.5.
 // FRAME: in the portrait fit-width band the focal steers the mild

[0m
[0m← [0mEdit src/v1/FilmSequence.tsx
Index: /Users/admin/Desktop/BUISNESS/EyeQ Vision Care/V1/src/v1/FilmSequence.tsx
===================================================================
--- /Users/admin/Desktop/BUISNESS/EyeQ Vision Care/V1/src/v1/FilmSequence.tsx
+++ /Users/admin/Desktop/BUISNESS/EyeQ Vision Care/V1/src/v1/FilmSequence.tsx
@@ -322,16 +322,34 @@
   focalX = mobileFocalX(src);
 }
 if (fast) {
   // High velocity: single drawImage (nearest), no cross-blend.
+  // LOADER-c hd: fast scroll draws REAL frames only (never a warped
+  // in-between) via nearestReal; other tiers use nearest index.
   const ni = alpha < 0.5 ? i0 : i1;
-  const n = loader.get(ni) ?? loader.nearest(ni)?.frame ?? null;
+  const n = loader.isHd
+    ? (loader.get(ni) && loader.isHd
+        ? (loader.nearestReal(ni)?.frame ?? null)
+        : (loader.nearestReal(ni)?.frame ?? null))
+    : (loader.get(ni) ?? loader.nearest(ni)?.frame ?? null);
   if (!n) return;
   ctx.fillStyle = clamped / maxI >= 0.978 ? PAPER : VOID;
   ctx.fillRect(0, 0, cw, ch);
   blit(n, 1, focalX, src);
   return;
 }
+// LOADER-a crisp: single nearest frame, hard cut, no blend — used at
+// rest so a stopped scroll NEVER leaves two frames ghosted in one.
+const drawCrisp = () => {
+  const ni = alpha < 0.5 ? i0 : i1;
+  // Prefer the exact frame; fall back to nearest loaded (never blank).
+  const n = loader.get(ni) ?? loader.nearest(ni)?.frame ?? null;
+  if (!n) return false;
+  ctx.fillStyle = clamped / maxI >= 0.978 ? PAPER : VOID;
+  ctx.fillRect(0, 0, cw, ch);
+  blit(n, 1, focalX, src);
+  return true;
+};
 // Nearest-loaded fallback while a frame is missing — never blank.
 const a = loader.get(i0) ?? loader.nearest(i0)?.frame ?? null;
 if (!a) return;
 // Opaque base: clear with pure black early, Paper at the tail so any

[0m
[0m← [0mEdit src/v1/FilmSequence.tsx
Index: /Users/admin/Desktop/BUISNESS/EyeQ Vision Care/V1/src/v1/FilmSequence.tsx
===================================================================
--- /Users/admin/Desktop/BUISNESS/EyeQ Vision Care/V1/src/v1/FilmSequence.tsx
+++ /Users/admin/Desktop/BUISNESS/EyeQ Vision Care/V1/src/v1/FilmSequence.tsx
@@ -297,9 +297,9 @@
   ctx.globalAlpha = 1;
   setBandVars((ch - dh) / 2 / dprUsed, (ch + dh) / 2 / dprUsed);
 };
 
-const drawFrac = (f: number, fast: boolean) => {
+const drawFrac = (f: number, fast: boolean, crisp = false) => {
   if (!loader) return;
   const cw = canvas.width;
   const ch = canvas.height;
   const maxI = count - 1;

[0m
[0m← [0mEdit src/v1/FilmSequence.tsx
Index: /Users/admin/Desktop/BUISNESS/EyeQ Vision Care/V1/src/v1/FilmSequence.tsx
===================================================================
--- /Users/admin/Desktop/BUISNESS/EyeQ Vision Care/V1/src/v1/FilmSequence.tsx
+++ /Users/admin/Desktop/BUISNESS/EyeQ Vision Care/V1/src/v1/FilmSequence.tsx
@@ -326,30 +326,27 @@
   // LOADER-c hd: fast scroll draws REAL frames only (never a warped
   // in-between) via nearestReal; other tiers use nearest index.
   const ni = alpha < 0.5 ? i0 : i1;
   const n = loader.isHd
-    ? (loader.get(ni) && loader.isHd
-        ? (loader.nearestReal(ni)?.frame ?? null)
-        : (loader.nearestReal(ni)?.frame ?? null))
+    ? (loader.nearestReal(ni)?.frame ?? null)
     : (loader.get(ni) ?? loader.nearest(ni)?.frame ?? null);
   if (!n) return;
   ctx.fillStyle = clamped / maxI >= 0.978 ? PAPER : VOID;
   ctx.fillRect(0, 0, cw, ch);
   blit(n, 1, focalX, src);
   return;
 }
-// LOADER-a crisp: single nearest frame, hard cut, no blend — used at
-// rest so a stopped scroll NEVER leaves two frames ghosted in one.
-const drawCrisp = () => {
+if (crisp) {
+  // LOADER-a: at rest — single nearest frame, hard cut, no blend.
+  // Never leaves two frames ghosted in one after a stop.
   const ni = alpha < 0.5 ? i0 : i1;
-  // Prefer the exact frame; fall back to nearest loaded (never blank).
   const n = loader.get(ni) ?? loader.nearest(ni)?.frame ?? null;
-  if (!n) return false;
+  if (!n) return;
   ctx.fillStyle = clamped / maxI >= 0.978 ? PAPER : VOID;
   ctx.fillRect(0, 0, cw, ch);
   blit(n, 1, focalX, src);
-  return true;
-};
+  return;
+}
 // Nearest-loaded fallback while a frame is missing — never blank.
 const a = loader.get(i0) ?? loader.nearest(i0)?.frame ?? null;
 if (!a) return;
 // Opaque base: clear with pure black early, Paper at the tail so any

[0m
[0m→ [0mRead src/v1/FilmSequence.tsx[90m [limit=80, offset=360][0m
[0m
[0m← [0mEdit src/v1/FilmSequence.tsx
Index: /Users/admin/Desktop/BUISNESS/EyeQ Vision Care/V1/src/v1/FilmSequence.tsx
===================================================================
--- /Users/admin/Desktop/BUISNESS/EyeQ Vision Care/V1/src/v1/FilmSequence.tsx
+++ /Users/admin/Desktop/BUISNESS/EyeQ Vision Care/V1/src/v1/FilmSequence.tsx
@@ -371,8 +371,9 @@
   return;
 }
 // Eased follow of the scrub target; Lenis (lerp 0.075) already
 // smooths the scroll input, so this second stage stays light.
+const oldSmooth = smooth;
 smooth += (target - smooth) * 0.14;
 if (Math.abs(target - smooth) < 0.0004) smooth = target;
 
 // Scroll-velocity micro-response: 1.0 → 1.01 max, eased back.
@@ -381,16 +382,51 @@
 velSmooth += (Math.abs(instV) - velSmooth) * 0.1;
 const vScale = 1 + Math.min(0.01, velSmooth * 2.4);
 canvas.style.transform = `scale(${vScale.toFixed(4)})`;
 
+// LOADER-a: rest detection in film units per tick. Effective velocity
+// is the max of target motion and the eased follow motion (smooth
+// keeps gliding after the target stops). Below SETTLE_VEL for
+// SETTLE_MS we are at rest → crisp single frame, never a blend.
+const nowMs =
+  typeof performance !== 'undefined' && performance.now ? performance.now() : Date.now();
+const targetVel = Math.abs(instV);
+const smoothVel = Math.abs(smooth - oldSmooth);
+const effVel = targetVel > smoothVel ? targetVel : smoothVel;
+if (effVel >= SETTLE_VEL || Math.abs(target - smooth) >= SETTLE_VEL) {
+  lastActiveMs = nowMs;
+}
+const settled =
+  nowMs - lastActiveMs > SETTLE_MS &&
+  effVel < SETTLE_VEL &&
+  Math.abs(target - smooth) < SETTLE_VEL;
+prevSmooth = smooth;
+
+const fast = velSmooth > FAST_VEL;
 const f = smooth * Math.max(1, count - 1);
-if (loader) loader.setPosition(f);
-if (Math.abs(f - lastF) > 0.02 || (smooth === target && lastF < 0)) {
+if (loader) loader.setPosition(f, 60, fast);
+if (settled) {
+  // At rest: snap to the single nearest frame (hard, crisp). Force
+  // the redraw even when f hasn't moved — the last moving draw may
+  // have been a cross-blend left ghosted on screen.
   if (count > 0 && batchReady) {
-    // F4-PERF: high scroll velocity → single drawImage, no blend.
-    drawFrac(smooth, velSmooth > 0.004);
-    lastF = f;
+    const crispIdx = Math.round(clamp01(smooth) * (count - 1));
+    if (crispIdx !== lastCrispIdx || Math.abs(f - lastF) > 0.001 || lastF < 0) {
+      drawFrac(smooth, false, true);
+      lastF = f;
+      lastCrispIdx = crispIdx;
+    }
   }
+} else {
+  // Moving: blends allowed (fast → single real/nearest, no blend).
+  lastCrispIdx = -1;
+  if (Math.abs(f - lastF) > 0.02 || (smooth === target && lastF < 0)) {
+    if (count > 0 && batchReady) {
+      // F4-PERF: high scroll velocity → single drawImage, no blend.
+      drawFrac(smooth, fast);
+      lastF = f;
+    }
+  }
 }
 // Direct-DOM chrome (no React re-render): rail fill, paper veil,
 // letterbox ease-open over the first beat. Transforms/opacity only.
 if (railFillRef.current) {

[0m
[0m← [0mEdit src/v1/FilmSequence.tsx
Index: /Users/admin/Desktop/BUISNESS/EyeQ Vision Care/V1/src/v1/FilmSequence.tsx
===================================================================
--- /Users/admin/Desktop/BUISNESS/EyeQ Vision Care/V1/src/v1/FilmSequence.tsx
+++ /Users/admin/Desktop/BUISNESS/EyeQ Vision Care/V1/src/v1/FilmSequence.tsx
@@ -446,18 +446,23 @@
 };
 
 (async () => {
   let m: FilmManifest;
+  let hd: HdSidecar | null = null;
   try {
-    m = await loadManifest();
+    ({ manifest: m, hd } = await loadManifestWithHd());
   } catch {
     if (!cancelled) setFailed(true);
     return;
   }
   if (cancelled) return;
-  const tier = pickTier();
-  const size = tierSize(m, tier);
-  count = m.count;
+  // LOADER-b: desktop default → hd when the sidecar is present
+  // (mobile stays mobile, ?hq=1 → full, absent → web fallback).
+  const tier = pickTierWithHd(!!hd);
+  const size = tierSize(m, tier, hd);
+  // LOADER-c: film progress maps to the ACTIVE tier index space —
+  // hd count (10762) when hd, else manifest count (3588).
+  count = tier === 'hd' && hd ? hd.count : m.count;
   sourceTotal = Math.max(2, Math.floor(m.sourceFrames ?? 615));
   fw = size.w;
   fh = size.h;
 

[0m
[0m← [0mEdit src/v1/FilmSequence.tsx
Index: /Users/admin/Desktop/BUISNESS/EyeQ Vision Care/V1/src/v1/FilmSequence.tsx
===================================================================
--- /Users/admin/Desktop/BUISNESS/EyeQ Vision Care/V1/src/v1/FilmSequence.tsx
+++ /Users/admin/Desktop/BUISNESS/EyeQ Vision Care/V1/src/v1/FilmSequence.tsx
@@ -465,12 +465,14 @@
 sourceTotal = Math.max(2, Math.floor(m.sourceFrames ?? 615));
 fw = size.w;
 fh = size.h;
 
-loader = new FrameLoader(m, tier);
+loader = new FrameLoader(m, tier, hd);
 loader.onUpdate = () => {
-  // New frames landed — force a redraw on the next tick.
+  // New frames landed — force a redraw on the next tick (and reset
+  // the rest dedupe so a settled crisp frame still refreshes).
   lastF = -1;
+  lastCrispIdx = -1;
 };
 
 // V3-PERF (SNAP-integration): the ONE shared Lenis from
 // src/v1/lenis.ts — never `new Lenis` here. The singleton owns the

[0m
[0m← [0mEdit src/v1/FilmSequence.tsx
Index: /Users/admin/Desktop/BUISNESS/EyeQ Vision Care/V1/src/v1/FilmSequence.tsx
===================================================================
--- /Users/admin/Desktop/BUISNESS/EyeQ Vision Care/V1/src/v1/FilmSequence.tsx
+++ /Users/admin/Desktop/BUISNESS/EyeQ Vision Care/V1/src/v1/FilmSequence.tsx
@@ -207,9 +207,8 @@
 let smooth = 0;
 let lastF = -1; // last drawn fractional position; -1 = nothing yet
 let velSmooth = 0;
 let prevTarget = 0;
-let prevSmooth = 0;
 let batchReady = false;
 // LOADER-a: rest detection — blend only while scroll velocity is
 // non-trivial; when velocity settles (<0.0005 film/frame for 120ms)
 // snap to the single nearest frame (hard, crisp). lastActiveMs marks

[0m
[0m← [0mEdit src/v1/FilmSequence.tsx
Index: /Users/admin/Desktop/BUISNESS/EyeQ Vision Care/V1/src/v1/FilmSequence.tsx
===================================================================
--- /Users/admin/Desktop/BUISNESS/EyeQ Vision Care/V1/src/v1/FilmSequence.tsx
+++ /Users/admin/Desktop/BUISNESS/EyeQ Vision Care/V1/src/v1/FilmSequence.tsx
@@ -397,9 +397,8 @@
 const settled =
   nowMs - lastActiveMs > SETTLE_MS &&
   effVel < SETTLE_VEL &&
   Math.abs(target - smooth) < SETTLE_VEL;
-prevSmooth = smooth;
 
 const fast = velSmooth > FAST_VEL;
 const f = smooth * Math.max(1, count - 1);
 if (loader) loader.setPosition(f, 60, fast);

[0m
[0m$ [0mnpx tsc -b 2>&1 | head -30
npm notice run eyeq-vision-care@0.1.0 npx
npm notice run 'tsc' -b
src/v1/FilmSequence.tsx(65,5): error TS2304: Cannot find name 'loadManifest'.
src/v1/FilmSequence.tsx(66,14): error TS7006: Parameter 'man' implicitly has an 'any' type.
src/v1/frameLoader.ts(209,69): error TS2367: This comparison appears to be unintentional because the types '"full" | "web"' and '"hd"' have no overlap.
src/v1/frameLoader.ts(230,69): error TS2367: This comparison appears to be unintentional because the types '"full" | "web"' and '"hd"' have no overlap.
[0m
[0m→ [0mRead src/v1/frameLoader.ts[90m [limit=40, offset=200][0m
[0m
[0m← [0mEdit src/v1/frameLoader.ts
Index: /Users/admin/Desktop/BUISNESS/EyeQ Vision Care/V1/src/v1/frameLoader.ts
===================================================================
--- /Users/admin/Desktop/BUISNESS/EyeQ Vision Care/V1/src/v1/frameLoader.ts
+++ /Users/admin/Desktop/BUISNESS/EyeQ Vision Care/V1/src/v1/frameLoader.ts
@@ -205,9 +205,13 @@
     return `/v1film/${dir}/${file}`;
   }
   if (m.tiers) {
     const entry: FilmTier =
-      tier === 'mobile' ? (m.tiers.mobile ?? m.tiers.web) : m.tiers[tier === 'hd' ? 'web' : tier];
+      tier === 'mobile'
+        ? (m.tiers.mobile ?? m.tiers.web)
+        : tier === 'full'
+          ? m.tiers.full
+          : m.tiers.web;
     const file = (m.pattern || 'f_%05d.webp').replace('%05d', pad5(i));
     return `/v1film/${entry.dir}/${file}`;
   }
   // Legacy fallback.
@@ -226,9 +230,13 @@
     return { w: HD_DEFAULTS.w, h: HD_DEFAULTS.h };
   }
   if (m.tiers) {
     const entry: FilmTier =
-      tier === 'mobile' ? (m.tiers.mobile ?? m.tiers.web) : m.tiers[tier === 'hd' ? 'web' : tier];
+      tier === 'mobile'
+        ? (m.tiers.mobile ?? m.tiers.web)
+        : tier === 'full'
+          ? m.tiers.full
+          : m.tiers.web;
     return { w: entry.w, h: entry.h };
   }
   return { w: m.width ?? 16, h: m.height ?? 9 };
 }

[0m
[0m← [0mEdit src/v1/FilmSequence.tsx
Index: /Users/admin/Desktop/BUISNESS/EyeQ Vision Care/V1/src/v1/FilmSequence.tsx
===================================================================
--- /Users/admin/Desktop/BUISNESS/EyeQ Vision Care/V1/src/v1/FilmSequence.tsx
+++ /Users/admin/Desktop/BUISNESS/EyeQ Vision Care/V1/src/v1/FilmSequence.tsx
@@ -27,8 +27,9 @@
 import { initSnap } from './snap';
 import { setFilmProgress, useFilmProgress, FILM_CHAPTERS } from './progress';
 import { scrollToFilm } from './filmCurve';
 import {
+  loadManifest,
   loadManifestWithHd,
   pickTier,
   pickTierWithHd,
   canvasDprCap,

[0m
[0m$ [0mnpx tsc -b 2>&1 | head -30
npm notice run eyeq-vision-care@0.1.0 npx
npm notice run 'tsc' -b
[0m
[0m# [0mTodos
[✓] Rewrite frameLoader.ts: hd tier, hd.json sidecar, real-first priority, LRU 300
[✓] Rewrite FilmSequence.tsx draw: velocity-settle crisp snap + hd real-only fast path
[•] Update manifest.json with hd tier entry
[ ] Typecheck + verify dev server fallback, write LOADER.md
[0m
[0m← [0mWrite public/v1film/manifest.json
Wrote file successfully.
[0m
[0m$ [0mrtk lint src/v1/frameLoader.ts src/v1/FilmSequence.tsx --max-warnings 0 2>&1 | head -20; echo "LINT_EXIT:$?"
ESLint: No issues found
LINT_EXIT:0
[0m
[0m$ [0mrtk read vite.config.ts; rtk ls /Users/admin/Desktop/BUISNESS/EyeQ\ Vision\ Care/V1/v1.html 2>/dev/null && head -30 v1.html | rtk grep -i -m5 "script\|src=\|/src"
import { defineConfig } from 'vite'
import react from '@vitejs/plugin-react'

// EyeQ Vision Care cinematic homepage — Lane A scaffold.
// Static-host SPA fallback: `public/_redirects` + postbuild copy of
// index.html -> dist/404.html (see package.json `postbuild`).
export default defineConfig({
  plugins: [react()],
})
/Users/admin/Desktop/BUISNESS/EyeQ Vision Care/V1/v1.html  894B
    <meta name="description" content="EyeQ Vision Care — 2-227 Vodden St East, Brampton, ON. Eye exams, prescription fittings, high-definition lenses." />
    <script type="module" src="/src/v1/main.tsx"></script>
[0m
[0m→ [0mRead playwright.config.ts
[0m
[0m$ [0mnohup npx vite --port 5801 --strictPort > /tmp/loader-5801.log 2>&1 & echo "started pid $!"; sleep 4; curl -s -o /dev/null -w "root:%{http_code} " http://localhost:5801/ ; curl -s -o /dev/null -w "v1:%{http_code} " http://localhost:5801/v1.html; curl -s -o /dev/null -w "manifest:%{http_code} " http://localhost:5801/v1film/manifest.json; curl -s -o /dev/null -w "hdjson:%{http_code}\n" http://localhost:5801/v1film/hd.json
started pid 27519
root:200 v1:200 manifest:200 hdjson:200
[0m
[0m$ [0mcurl -s http://localhost:5801/v1film/hd.json | head -c 500; echo; rtk ls -la public/v1film/ | head; rtk ls public/v1film/hd 2>&1 | head -3
<!doctype html>
<html lang="en">
  <head>
    <script type="module">import { injectIntoGlobalHook } from "/@react-refresh";
injectIntoGlobalHook(window);
window.$RefreshReg$ = () => {};
window.$RefreshSig$ = () => (type) => type;</script>

    <script type="module" src="/@vite/client"></script>

    <meta charset="UTF-8" />
    <meta name="viewport" content="width=device-width, initial-scale=1.0" />
    <meta name="description" content="EyeQ Vision Care — 2-227 Vodden St East, Brampton, ON. Ey
755  full/
755  hd/
755  mobile/
755  web/
644  manifest.json  240B
(empty)
[0m
[0m$ [0mrtk curl -s http://localhost:5801/v1film/manifest.json; echo; node -e "fetch('http://localhost:5801/v1film/hd.json').then(async r=>{console.log('status',r.status,'ct',r.headers.get('content-type'));const t=await r.text();console.log('first60:',JSON.stringify(t.slice(0,60)));try{JSON.parse(t);console.log('parses as json')}catch(e){console.log('not json -> sidecar null, fallback web OK')}})"
{"count":3588,"fpsMult":5.8333,"pattern":"f_%05d.webp","sourceFrames":615,"tiers":{"full":{"dir":"full","h":1720,"w":3024},"hd":{"dir":"hd","h":1092,"w":1920},"mobile":{"dir":"mobile","h":582,"w":1024},"web":{"dir":"web","h":860,"w":1512}}}

status 200 ct text/html
first60: "<!doctype html>\n<html lang=\"en\">\n  <head>\n    <script type=\""
not json -> sidecar null, fallback web OK
[0m
[0m← [0mWrite /tmp/qa-loader-probe.mjs
Wrote file successfully.
[0m
[0m$ [0mnode /tmp/qa-loader-probe.mjs 2>&1 | tail -25
hd sidecar probe: {"ok":false,"reason":"not-json","status":200}
film section: {"top":0,"height":6880}
stop 1 f=0.07: {"ok":true,"lenA":288430,"lenB":309258,"identical":false,"px":5224}
stop 2 f=0.19: {"ok":true,"lenA":288606,"lenB":288606,"identical":true,"px":5220}
stop 3 f=0.31: {"ok":true,"lenA":133798,"lenB":128014,"identical":false,"px":9008}
stop 4 f=0.43: {"ok":true,"lenA":120342,"lenB":120342,"identical":true,"px":9216}
stop 5 f=0.55: {"ok":true,"lenA":341150,"lenB":351838,"identical":false,"px":46}
stop 6 f=0.67: {"ok":true,"lenA":312818,"lenB":312818,"identical":true,"px":2466}
stop 7 f=0.81: {"ok":true,"lenA":215314,"lenB":240038,"identical":false,"px":9664}
stop 8 f=0.93: {"ok":true,"lenA":212786,"lenB":212786,"identical":true,"px":9664}
scroll rAF: {"n":410,"p50":16.7,"p95":16.8,"max":33.3}
hd synthetic: {"canvas":true,"w":1512,"h":860,"pxTop":0,"pxMid":0} errors: []
PROBE-DONE
[0m
[0m→ [0mRead docs/phase4/qa/v4/loader-hd-synthetic.png
[0m→ [0mRead docs/phase4/qa/v4/loader-stop-1.png
[0m
[0m← [0mWrite /tmp/qa-loader-probe2.mjs
Wrote file successfully.
[0m
[0m$ [0mnode /tmp/qa-loader-probe2.mjs 2>&1 | tail -12
fallback f=0.31: {"a":"ff341891:1600","b":"ff341891:1600"} settled-identical: true
fallback f=0.67: {"a":"36ef1c00:1600","b":"36ef1c00:1600"} settled-identical: true
hd-synth: total frame reqs = 177
hd-synth: has f_00001 (idx0, real) = true | f_00002 (idx1, interp) = true | f_00003 (idx2, interp) = true | f_00004 (idx3, real) = true
hd-synth: first 12 idx: 00001,00002,00003,00004,00005,00006,00007,00008,00009,00010,00011,00012
hd-synth film canvas centre: {"sum":224431,"alpha":408000,"maxAlpha":408000}
PROBE2-DONE
[0m
[0m→ [0mRead docs/phase4/qa/v4/loader-hd-film.png
[0m
[0m$ [0mnode -e "
import('playwright-core').then(async ({chromium}) => {
  const browser = await chromium.launch();
  const page = await browser.newPage({ viewport: { width: 1512, height: 860 } });
  const order = [];
  page.on('request', (r) => {
    const m = r.url().match(/\/v1film\/web\/f_(\d+)\.webp/);
    if (m && order.length < 40) order.push(m[1]);
  });
  await page.route('**/v1film/hd.json', (route) => route.fulfill({
    status: 200, contentType: 'application/json',
    body: JSON.stringify({ count: 3588, w: 1920, h: 1092, interp: 3, sourceCount: 3588, realEvery: 3, pattern: 'f_%05d.webp', dir: 'web', replaced: 0 }),
  }));
  await page.goto('http://localhost:5801/v1.html', { waitUntil: 'load' });
  await page.waitForTimeout(3500);
  console.log('first 40 frame reqs:', order.join(','));
  const mods = order.map((s) => (parseInt(s, 10) - 1) % 3);
  console.log('all real (mod0)?', mods.every((m) => m === 0), '| mods:', [...new Set(mods)].join(','));
  await browser.close();
});" 2>&1 | tail -4
first 40 frame reqs: 00001,00004,00007,00010,00013,00016,00019,00022,00025,00028,00031,00034,00037,00040,00043,00046,00049,00052,00055,00058,00061,00064,00067,00070,00073,00076,00079,00082,00085,00088,00091,00094,00097,00100,00103,00106,00109,00112,00115,00118
all real (mod0)? true | mods: 0
[0m
[0m→ [0mRead docs/phase4/qa/v4/loader-stop-5.png
[0m
[0m$ [0mrm -f docs/phase4/qa/v4/loader-hd-synthetic.png && rtk ls docs/phase4/qa/v4/ && kill 27519 2>/dev/null; sleep 1; lsof -i :5801 2>/dev/null | head -2; echo CLEANED
FRAMEGEN.md  672B
MAGNET.md  2.2K
loader-hd-film.png  280.6K
loader-probe.json  1.9K
loader-stop-1.png  393.8K
loader-stop-2.png  347.1K
loader-stop-3.png  275.0K
loader-stop-4.png  278.6K
loader-stop-5.png  384.1K
loader-stop-6.png  342.6K
loader-stop-7.png  298.4K
loader-stop-8.png  460.0K
magnet-stops.json  5.1K
magnet-tour.webm  6.1M
CLEANED
[0m
[0m← [0mWrite docs/phase4/qa/v4/LOADER.md
Wrote file successfully.
[0m
[0m# [0mTodos
[✓] Rewrite frameLoader.ts: hd tier, hd.json sidecar, real-first priority, LRU 300
[✓] Rewrite FilmSequence.tsx draw: velocity-settle crisp snap + hd real-only fast path
[✓] Update manifest.json with hd tier entry
[✓] Typecheck + verify dev server fallback, write LOADER.md
[0m
LOADER-DONE.

- **(a) Ghosting fixed:** blend only while moving; velocity `<0.0005` film/frame for `120ms` (target + eased-follow motion) forces a single nearest-frame redraw, so a stopped scroll can never leave a blend on screen.
- **(b) hd tier:** driven by `hd.json` with null-safe fallback to web (verified live: sidecar absent → web). Desktop defaults to hd when present; mobile/`?hq=1` rules unchanged. `manifest.json` gains `tiers.hd`.
- **(c) 3× perf:** reals-first across ±180, in-betweens only ±30 while slow, fast draws `nearestReal` only, LRU 300, 4 concurrent, scaled abort window, DPR cap 1.25.
- **Verify:** 8 idle stops all crisp single frames; rest hashes identical; synthetic-hd run shows first 40 fetches all reals and renders crisp; full-scroll rAF p95 16.8ms. `tsc` + `eslint` clean. Evidence in `docs/phase4/qa/v4/LOADER.md` + screenshots.
EXIT 0 model=meta/muse-spark-1.3-contributor
